Component: ARM Compiler 5.06 update 6 (build 750) Tool: armlink [4d35ed]

==============================================================================

Section Cross References

    testtask.o(i.TestTask) refers to tasks.o(i.vTaskDelay) for vTaskDelay
    testtask.o(i.TestTask) refers to drvlcd.o(i.LCD_Init) for LCD_Init
    testtask.o(i.TestTask) refers to drvlcd.o(i.LCD_Clear) for LCD_Clear
    testtask.o(i.TestTask) refers to stm32f4xx_hal_gpio.o(i.HAL_GPIO_TogglePin) for HAL_GPIO_TogglePin
    drvlcd.o(i.LCD_Clear) refers to drvlcd.o(i.LCD_SetCursor) for LCD_SetCursor
    drvlcd.o(i.LCD_Init) refers to memseta.o(.text) for __aeabi_memclr4
    drvlcd.o(i.LCD_Init) refers to stm32f4xx_hal_gpio.o(i.HAL_GPIO_WritePin) for HAL_GPIO_WritePin
    drvlcd.o(i.LCD_Init) refers to stm32f4xx_hal_gpio.o(i.HAL_GPIO_Init) for HAL_GPIO_Init
    drvlcd.o(i.LCD_Init) refers to drvlcd.o(i.LCD_ReadReg) for LCD_ReadReg
    drvlcd.o(i.LCD_Init) refers to drvlcd.o(i.LCD_WriteReg) for LCD_WriteReg
    drvlcd.o(i.LCD_Init) refers to tasks.o(i.vTaskDelay) for vTaskDelay
    drvlcd.o(i.LCD_Init) refers to drvlcd.o(.data) for .data
    drvlcd.o(i.LCD_SetCursor) refers to drvlcd.o(i.LCD_WriteReg) for LCD_WriteReg
    drvlcd.o(i.LCD_SetCursor) refers to drvlcd.o(.data) for .data
    drvlcd.o(i._delay_) refers to tasks.o(i.vTaskDelay) for vTaskDelay
    startup_stm32f439xx.o(RESET) refers to startup_stm32f439xx.o(STACK) for __initial_sp
    startup_stm32f439xx.o(RESET) refers to startup_stm32f439xx.o(.text) for Reset_Handler
    startup_stm32f439xx.o(RESET) refers to stm32f4xx_it.o(i.NMI_Handler) for NMI_Handler
    startup_stm32f439xx.o(RESET) refers to stm32f4xx_it.o(i.HardFault_Handler) for HardFault_Handler
    startup_stm32f439xx.o(RESET) refers to stm32f4xx_it.o(i.MemManage_Handler) for MemManage_Handler
    startup_stm32f439xx.o(RESET) refers to stm32f4xx_it.o(i.BusFault_Handler) for BusFault_Handler
    startup_stm32f439xx.o(RESET) refers to stm32f4xx_it.o(i.UsageFault_Handler) for UsageFault_Handler
    startup_stm32f439xx.o(RESET) refers to port.o(.emb_text) for SVC_Handler
    startup_stm32f439xx.o(RESET) refers to stm32f4xx_it.o(i.DebugMon_Handler) for DebugMon_Handler
    startup_stm32f439xx.o(RESET) refers to port.o(i.SysTick_Handler) for SysTick_Handler
    startup_stm32f439xx.o(RESET) refers to stm32f4xx_it.o(i.TIM1_UP_TIM10_IRQHandler) for TIM1_UP_TIM10_IRQHandler
    startup_stm32f439xx.o(RESET) refers to stm32f4xx_it.o(i.USART1_IRQHandler) for USART1_IRQHandler
    startup_stm32f439xx.o(.text) refers to system_stm32f4xx.o(i.SystemInit) for SystemInit
    startup_stm32f439xx.o(.text) refers to entry.o(.ARM.Collect$$$$00000000) for __main
    main.o(i.HAL_TIM_PeriodElapsedCallback) refers to stm32f4xx_hal.o(i.HAL_IncTick) for HAL_IncTick
    main.o(i.MX_FMC_Init) refers to memseta.o(.text) for __aeabi_memclr4
    main.o(i.MX_FMC_Init) refers to stm32f4xx_hal_sram.o(i.HAL_SRAM_Init) for HAL_SRAM_Init
    main.o(i.MX_FMC_Init) refers to main.o(.bss) for .bss
    main.o(i.MX_GPIO_Init) refers to memseta.o(.text) for __aeabi_memclr4
    main.o(i.MX_GPIO_Init) refers to stm32f4xx_hal_gpio.o(i.HAL_GPIO_WritePin) for HAL_GPIO_WritePin
    main.o(i.MX_GPIO_Init) refers to stm32f4xx_hal_gpio.o(i.HAL_GPIO_Init) for HAL_GPIO_Init
    main.o(i.StartDefaultTask) refers to cmsis_os2.o(i.osDelay) for osDelay
    main.o(i.SystemClock_Config) refers to memseta.o(.text) for __aeabi_memclr4
    main.o(i.SystemClock_Config) refers to stm32f4xx_hal_rcc.o(i.HAL_RCC_OscConfig) for HAL_RCC_OscConfig
    main.o(i.SystemClock_Config) refers to stm32f4xx_hal_rcc.o(i.HAL_RCC_ClockConfig) for HAL_RCC_ClockConfig
    main.o(i.main) refers to stm32f4xx_hal.o(i.HAL_Init) for HAL_Init
    main.o(i.main) refers to main.o(i.SystemClock_Config) for SystemClock_Config
    main.o(i.main) refers to main.o(i.MX_GPIO_Init) for MX_GPIO_Init
    main.o(i.main) refers to main.o(i.MX_FMC_Init) for MX_FMC_Init
    main.o(i.main) refers to stm32f4xx_hal_uart.o(i.HAL_UART_Init) for HAL_UART_Init
    main.o(i.main) refers to cmsis_os2.o(i.osKernelInitialize) for osKernelInitialize
    main.o(i.main) refers to memcpya.o(.text) for __aeabi_memcpy4
    main.o(i.main) refers to cmsis_os2.o(i.osThreadNew) for osThreadNew
    main.o(i.main) refers to cmsis_os2.o(i.osKernelStart) for osKernelStart
    main.o(i.main) refers to main.o(.bss) for .bss
    main.o(i.main) refers to main.o(.constdata) for .constdata
    main.o(i.main) refers to main.o(i.StartDefaultTask) for StartDefaultTask
    main.o(i.main) refers to main.o(.data) for .data
    main.o(i.main) refers to testtask.o(i.TestTask) for TestTask
    main.o(.constdata) refers to main.o(.conststring) for .conststring
    stm32f4xx_it.o(i.TIM1_UP_TIM10_IRQHandler) refers to stm32f4xx_hal_tim.o(i.HAL_TIM_IRQHandler) for HAL_TIM_IRQHandler
    stm32f4xx_it.o(i.TIM1_UP_TIM10_IRQHandler) refers to stm32f4xx_hal_timebase_tim.o(.bss) for htim1
[...]
    Removing tasks.o(i.xTaskPriorityInherit), (120 bytes).
    Removing tasks.o(i.xTaskResumeFromISR), (136 bytes).
    Removing timers.o(i.pcTimerGetName), (22 bytes).
    Removing timers.o(i.prvInitialiseNewTimer), (68 bytes).
    Removing timers.o(i.pvTimerGetTimerID), (36 bytes).
    Removing timers.o(i.uxTimerGetTimerNumber), (4 bytes).
    Removing timers.o(i.vTimerSetTimerID), (38 bytes).
    Removing timers.o(i.vTimerSetTimerNumber), (4 bytes).
    Removing timers.o(i.xTimerCreate), (52 bytes).
    Removing timers.o(i.xTimerCreateStatic), (46 bytes).
    Removing timers.o(i.xTimerGetExpiryTime), (22 bytes).
    Removing timers.o(i.xTimerGetPeriod), (22 bytes).
    Removing timers.o(i.xTimerGetTimerDaemonTaskHandle), (32 bytes).
    Removing timers.o(i.xTimerIsTimerActive), (44 bytes).
    Removing timers.o(i.xTimerPendFunctionCall), (60 bytes).
    Removing timers.o(i.xTimerPendFunctionCallFromISR), (40 bytes).
    Removing cmsis_os2.o(.rev16_text), (4 bytes).
    Removing cmsis_os2.o(.revsh_text), (4 bytes).
    Removing cmsis_os2.o(.rrx_text), (6 bytes).
    Removing cmsis_os2.o(i.TimerCallback), (24 bytes).
    Removing cmsis_os2.o(i.osDelayUntil), (60 bytes).
    Removing cmsis_os2.o(i.osEventFlagsClear), (88 bytes).
    Removing cmsis_os2.o(i.osEventFlagsDelete), (56 bytes).
    Removing cmsis_os2.o(i.osEventFlagsGet), (48 bytes).
    Removing cmsis_os2.o(i.osEventFlagsNew), (68 bytes).
    Removing cmsis_os2.o(i.osEventFlagsSet), (108 bytes).
    Removing cmsis_os2.o(i.osEventFlagsWait), (124 bytes).
    Removing cmsis_os2.o(i.osKernelGetInfo), (60 bytes).
    Removing cmsis_os2.o(i.osKernelGetState), (32 bytes).
    Removing cmsis_os2.o(i.osKernelGetSysTimerCount), (48 bytes).
    Removing cmsis_os2.o(i.osKernelGetSysTimerFreq), (12 bytes).
    Removing cmsis_os2.o(i.osKernelGetTickCount), (40 bytes).
    Removing cmsis_os2.o(i.osKernelGetTickFreq), (6 bytes).
    Removing cmsis_os2.o(i.osKernelLock), (68 bytes).
    Removing cmsis_os2.o(i.osKernelRestoreLock), (92 bytes).
    Removing cmsis_os2.o(i.osKernelUnlock), (84 bytes).
    Removing cmsis_os2.o(i.osMessageQueueDelete), (68 bytes).
    Removing cmsis_os2.o(i.osMessageQueueGet), (124 bytes).
    Removing cmsis_os2.o(i.osMessageQueueGetCapacity), (8 bytes).
    Removing cmsis_os2.o(i.osMessageQueueGetCount), (44 bytes).
    Removing cmsis_os2.o(i.osMessageQueueGetMsgSize), (8 bytes).
    Removing cmsis_os2.o(i.osMessageQueueGetSpace), (68 bytes).
    Removing cmsis_os2.o(i.osMessageQueueNew), (116 bytes).
    Removing cmsis_os2.o(i.osMessageQueuePut), (128 bytes).
    Removing cmsis_os2.o(i.osMessageQueueReset), (60 bytes).
    Removing cmsis_os2.o(i.osMutexAcquire), (108 bytes).
    Removing cmsis_os2.o(i.osMutexDelete), (68 bytes).
    Removing cmsis_os2.o(i.osMutexGetOwner), (44 bytes).
    Removing cmsis_os2.o(i.osMutexNew), (128 bytes).
    Removing cmsis_os2.o(i.osMutexRelease), (92 bytes).
    Removing cmsis_os2.o(i.osSemaphoreAcquire), (116 bytes).
    Removing cmsis_os2.o(i.osSemaphoreDelete), (68 bytes).
    Removing cmsis_os2.o(i.osSemaphoreGetCount), (44 bytes).
    Removing cmsis_os2.o(i.osSemaphoreNew), (176 bytes).
    Removing cmsis_os2.o(i.osSemaphoreRelease), (112 bytes).
    Removing cmsis_os2.o(i.osThreadEnumerate), (124 bytes).
    Removing cmsis_os2.o(i.osThreadExit), (8 bytes).
    Removing cmsis_os2.o(i.osThreadFlagsClear), (104 bytes).
    Removing cmsis_os2.o(i.osThreadFlagsGet), (68 bytes).
    Removing cmsis_os2.o(i.osThreadFlagsSet), (140 bytes).
    Removing cmsis_os2.o(i.osThreadFlagsWait), (176 bytes).
    Removing cmsis_os2.o(i.osThreadGetCount), (40 bytes).
    Removing cmsis_os2.o(i.osThreadGetId), (40 bytes).
    Removing cmsis_os2.o(i.osThreadGetName), (40 bytes).
    Removing cmsis_os2.o(i.osThreadGetPriority), (44 bytes).
    Removing cmsis_os2.o(i.osThreadGetStackSize), (4 bytes).
    Removing cmsis_os2.o(i.osThreadGetStackSpace), (40 bytes).
    Removing cmsis_os2.o(i.osThreadGetState), (80 bytes).
    Removing cmsis_os2.o(i.osThreadResume), (56 bytes).
    Removing cmsis_os2.o(i.osThreadSetPriority), (64 bytes).
    Removing cmsis_os2.o(i.osThreadSuspend), (56 bytes).
    Removing cmsis_os2.o(i.osThreadTerminate), (76 bytes).
    Removing cmsis_os2.o(i.osThreadYield), (60 bytes).
    Removing cmsis_os2.o(i.osTimerDelete), (92 bytes).
    Removing cmsis_os2.o(i.osTimerGetName), (40 bytes).
    Removing cmsis_os2.o(i.osTimerIsRunning), (40 bytes).
    Removing cmsis_os2.o(i.osTimerNew), (132 bytes).
    Removing cmsis_os2.o(i.osTimerStart), (76 bytes).
    Removing cmsis_os2.o(i.osTimerStop), (92 bytes).
    Removing heap_4.o(i.vPortInitialiseBlocks), (2 bytes).
    Removing heap_4.o(i.xPortGetFreeHeapSize), (12 bytes).
    Removing heap_4.o(i.xPortGetMinimumEverFreeHeapSize), (12 bytes).
    Removing port.o(i.vPortEndScheduler), (32 bytes).

642 unused section(s) (total 40502 bytes) removed from the image.

==============================================================================

Image Symbol Table

    Local Symbols

    Symbol Name                              Value     Ov Type        Size  Object(Section)

    ../Drivers/STM32F4xx_HAL_Driver/Src/stm32f4xx_hal.c 0x00000000   Number         0  stm32f4xx_hal.o ABSOLUTE
    ../Drivers/STM32F4xx_HAL_Driver/Src/stm32f4xx_hal_cortex.c 0x00000000   Number         0  stm32f4xx_hal_cortex.o ABSOLUTE
    ../Drivers/STM32F4xx_HAL_Driver/Src/stm32f4xx_hal_dma.c 0x00000000   Number         0  stm32f4xx_hal_dma.o ABSOLUTE
    ../Drivers/STM32F4xx_HAL_Driver/Src/stm32f4xx_hal_dma_ex.c 0x00000000   Number         0  stm32f4xx_hal_dma_ex.o ABSOLUTE
    ../Drivers/STM32F4xx_HAL_Driver/Src/stm32f4xx_hal_exti.c 0x00000000   Number         0  stm32f4xx_hal_exti.o ABSOLUTE
    ../Drivers/STM32F4xx_HAL_Driver/Src/stm32f4xx_hal_flash.c 0x00000000   Number         0  stm32f4xx_hal_flash.o ABSOLUTE
    ../Drivers/STM32F4xx_HAL_Driver/Src/stm32f4xx_hal_flash_ex.c 0x00000000   Number         0  stm32f4xx_hal_flash_ex.o ABSOLUTE
    ../Drivers/STM32F4xx_HAL_Driver/Src/stm32f4xx_hal_flash_ramfunc.c 0x00000000   Number         0  stm32f4xx_hal_flash_ramfunc.o ABSOLUTE
    ../Drivers/STM32F4xx_HAL_Driver/Src/stm32f4xx_hal_gpio.c 0x00000000   Number         0  stm32f4xx_hal_gpio.o ABSOLUTE
    ../Drivers/STM32F4xx_HAL_Driver/Src/stm32f4xx_hal_pwr.c 0x00000000   Number         0  stm32f4xx_hal_pwr.o ABSOLUTE
    ../Drivers/STM32F4xx_HAL_Driver/Src/stm32f4xx_hal_pwr_ex.c 0x00000000   Number         0  stm32f4xx_hal_pwr_ex.o ABSOLUTE
    ../Drivers/STM32F4xx_HAL_Driver/Src/stm32f4xx_hal_rcc.c 0x00000000   Number         0  stm32f4xx_hal_rcc.o ABSOLUTE
    ../Drivers/STM32F4xx_HAL_Driver/Src/stm32f4xx_hal_rcc_ex.c 0x00000000   Number         0  stm32f4xx_hal_rcc_ex.o ABSOLUTE
    ../Drivers/STM32F4xx_HAL_Driver/Src/stm32f4xx_hal_sram.c 0x00000000   Number         0  stm32f4xx_hal_sram.o ABSOLUTE
    ../Drivers/STM32F4xx_HAL_Driver/Src/stm32f4xx_hal_tim.c 0x00000000   Number         0  stm32f4xx_hal_tim.o ABSOLUTE
    ../Drivers/STM32F4xx_HAL_Driver/Src/stm32f4xx_hal_tim_ex.c 0x00000000   Number         0  stm32f4xx_hal_tim_ex.o ABSOLUTE
    ../Drivers/STM32F4xx_HAL_Driver/Src/stm32f4xx_hal_uart.c 0x00000000   Number         0  stm32f4xx_hal_uart.o ABSOLUTE
    ../Drivers/STM32F4xx_HAL_Driver/Src/stm32f4xx_ll_fmc.c 0x00000000   Number         0  stm32f4xx_ll_fmc.o ABSOLUTE
    ../Middlewares/Third_Party/FreeRTOS/Source/CMSIS_RTOS_V2/cmsis_os2.c 0x00000000   Number         0  cmsis_os2.o ABSOLUTE
    ../Middlewares/Third_Party/FreeRTOS/Source/croutine.c 0x00000000   Number         0  croutine.o ABSOLUTE
    ../Middlewares/Third_Party/FreeRTOS/Source/event_groups.c 0x00000000   Number         0  event_groups.o ABSOLUTE
    ../Middlewares/Third_Party/FreeRTOS/Source/list.c 0x00000000   Number         0  list.o ABSOLUTE
    ../Middlewares/Third_Party/FreeRTOS/Source/portable/MemMang/heap_4.c 0x00000000   Number         0  heap_4.o ABSOLUTE
    ../Middlewares/Third_Party/FreeRTOS/Source/portable/RVDS/ARM_CM4F/port.c 0x00000000   Number         0  port.o ABSOLUTE
    ../Middlewares/Third_Party/FreeRTOS/Source/queue.c 0x00000000   Number         0  queue.o ABSOLUTE
    ../Middlewares/Third_Party/FreeRTOS/Source/stream_buffer.c 0x00000000   Number         0  stream_buffer.o ABSOLUTE
    ../Middlewares/Third_Party/FreeRTOS/Source/tasks.c 0x00000000   Number         0  tasks.o ABSOLUTE
    ../Middlewares/Third_Party/FreeRTOS/Source/timers.c 0x00000000   Number         0  timers.o ABSOLUTE
    ../Src/freertos.c                        0x00000000   Number         0  freertos.o ABSOLUTE
    ../Src/main.c                            0x00000000   Number         0  main.o ABSOLUTE
    ../Src/stm32f4xx_hal_msp.c               0x00000000   Number         0  stm32f4xx_hal_msp.o ABSOLUTE
    ../Src/stm32f4xx_hal_timebase_tim.c      0x00000000   Number         0  stm32f4xx_hal_timebase_tim.o ABSOLUTE
    ../Src/stm32f4xx_it.c                    0x00000000   Number         0  stm32f4xx_it.o ABSOLUTE
    ../Src/system_stm32f4xx.c                0x00000000   Number         0  system_stm32f4xx.o ABSOLUTE
    ../clib/microlib/division.c              0x00000000   Number         0  uldiv.o ABSOLUTE
    ../clib/microlib/init/entry.s            0x00000000   Number         0  entry7b.o ABSOLUTE
    ../clib/microlib/init/entry.s            0x00000000   Number         0  entry8a.o ABSOLUTE
    ../clib/microlib/init/entry.s            0x00000000   Number         0  entry11b.o ABSOLUTE
    ../clib/microlib/init/entry.s            0x00000000   Number         0  entry10b.o ABSOLUTE
    ../clib/microlib/init/entry.s            0x00000000   Number         0  entry2.o ABSOLUTE
    ../clib/microlib/init/entry.s            0x00000000   Number         0  entry7a.o ABSOLUTE
    ../clib/microlib/init/entry.s            0x00000000   Number         0  entry11a.o ABSOLUTE
    ../clib/microlib/init/entry.s            0x00000000   Number         0  entry10a.o ABSOLUTE
    ../clib/microlib/init/entry.s            0x00000000   Number         0  entry8b.o ABSOLUTE
    ../clib/microlib/init/entry.s            0x00000000   Number         0  entry9b.o ABSOLUTE
    ../clib/microlib/init/entry.s            0x00000000   Number         0  entry9a.o ABSOLUTE
    ../clib/microlib/init/entry.s            0x00000000   Number         0  entry.o ABSOLUTE
    ../clib/microlib/init/entry.s            0x00000000   Number         0  entry5.o ABSOLUTE
    ../clib/microlib/longlong.c              0x00000000   Number         0  llushr.o ABSOLUTE
    ../clib/microlib/longlong.c              0x00000000   Number         0  llshl.o ABSOLUTE
    ../clib/microlib/string/memcpy.c         0x00000000   Number         0  memcpyb.o ABSOLUTE
    ../clib/microlib/string/memcpy.c         0x00000000   Number         0  memcpya.o ABSOLUTE
    ../clib/microlib/string/memset.c         0x00000000   Number         0  memset.o ABSOLUTE
    ../clib/microlib/string/memset.c         0x00000000   Number         0  memseta.o ABSOLUTE
    ..\Drivers\STM32F4xx_HAL_Driver\Src\stm32f4xx_hal.c 0x00000000   Number         0  stm32f4xx_hal.o ABSOLUTE
    ..\Drivers\STM32F4xx_HAL_Driver\Src\stm32f4xx_hal_cortex.c 0x00000000   Number         0  stm32f4xx_hal_cortex.o ABSOLUTE
    ..\Drivers\STM32F4xx_HAL_Driver\Src\stm32f4xx_hal_dma.c 0x00000000   Number         0  stm32f4xx_hal_dma.o ABSOLUTE
    ..\Drivers\STM32F4xx_HAL_Driver\Src\stm32f4xx_hal_dma_ex.c 0x00000000   Number         0  stm32f4xx_hal_dma_ex.o ABSOLUTE
    ..\Drivers\STM32F4xx_HAL_Driver\Src\stm32f4xx_hal_exti.c 0x00000000   Number         0  stm32f4xx_hal_exti.o ABSOLUTE
    ..\Drivers\STM32F4xx_HAL_Driver\Src\stm32f4xx_hal_flash.c 0x00000000   Number         0  stm32f4xx_hal_flash.o ABSOLUTE
    ..\Drivers\STM32F4xx_HAL_Driver\Src\stm32f4xx_hal_flash_ex.c 0x00000000   Number         0  stm32f4xx_hal_flash_ex.o ABSOLUTE
    ..\Drivers\STM32F4xx_HAL_Driver\Src\stm32f4xx_hal_flash_ramfunc.c 0x00000000   Number         0  stm32f4xx_hal_flash_ramfunc.o ABSOLUTE
    ..\Drivers\STM32F4xx_HAL_Driver\Src\stm32f4xx_hal_gpio.c 0x00000000   Number         0  stm32f4xx_hal_gpio.o ABSOLUTE
    ..\Drivers\STM32F4xx_HAL_Driver\Src\stm32f4xx_hal_pwr.c 0x00000000   Number         0  stm32f4xx_hal_pwr.o ABSOLUTE
    ..\Drivers\STM32F4xx_HAL_Driver\Src\stm32f4xx_hal_pwr_ex.c 0x00000000   Number         0  stm32f4xx_hal_pwr_ex.o ABSOLUTE
    ..\Drivers\STM32F4xx_HAL_Driver\Src\stm32f4xx_hal_rcc.c 0x00000000   Number         0  stm32f4xx_hal_rcc.o ABSOLUTE
    ..\Drivers\STM32F4xx_HAL_Driver\Src\stm32f4xx_hal_rcc_ex.c 0x00000000   Number         0  stm32f4xx_hal_rcc_ex.o ABSOLUTE
    ..\Drivers\STM32F4xx_HAL_Driver\Src\stm32f4xx_hal_sram.c 0x00000000   Number         0  stm32f4xx_hal_sram.o ABSOLUTE
    ..\Drivers\STM32F4xx_HAL_Driver\Src\stm32f4xx_hal_tim.c 0x00000000   Number         0  stm32f4xx_hal_tim.o ABSOLUTE
    ..\Drivers\STM32F4xx_HAL_Driver\Src\stm32f4xx_hal_tim_ex.c 0x00000000   Number         0  stm32f4xx_hal_tim_ex.o ABSOLUTE
    ..\Drivers\STM32F4xx_HAL_Driver\Src\stm32f4xx_hal_uart.c 0x00000000   Number         0  stm32f4xx_hal_uart.o ABSOLUTE
    ..\Drivers\STM32F4xx_HAL_Driver\Src\stm32f4xx_ll_fmc.c 0x00000000   Number         0  stm32f4xx_ll_fmc.o ABSOLUTE
    ..\Middlewares\Third_Party\FreeRTOS\Source\CMSIS_RTOS_V2\cmsis_os2.c 0x00000000   Number         0  cmsis_os2.o ABSOLUTE
    ..\Middlewares\Third_Party\FreeRTOS\Source\portable\RVDS\ARM_CM4F\port.c 0x00000000   Number         0  port.o ABSOLUTE
    ..\Src\freertos.c                        0x00000000   Number         0  freertos.o ABSOLUTE
    ..\Src\main.c                            0x00000000   Number         0  main.o ABSOLUTE
    ..\Src\stm32f4xx_hal_msp.c               0x00000000   Number         0  stm32f4xx_hal_msp.o ABSOLUTE
    ..\Src\stm32f4xx_hal_timebase_tim.c      0x00000000   Number         0  stm32f4xx_hal_timebase_tim.o ABSOLUTE
    ..\Src\stm32f4xx_it.c                    0x00000000   Number         0  stm32f4xx_it.o ABSOLUTE
    ..\Src\system_stm32f4xx.c                0x00000000   Number         0  system_stm32f4xx.o ABSOLUTE
    ..\\drv\\DrvLCD.c                        0x00000000   Number         0  drvlcd.o ABSOLUTE
    ..\\tasks\\TestTask.c                    0x00000000   Number         0  testtask.o ABSOLUTE
    ..\drv\DrvLCD.c                          0x00000000   Number         0  drvlcd.o ABSOLUTE
    ..\tasks\TestTask.c                      0x00000000   Number         0  testtask.o ABSOLUTE
    dc.s                                     0x00000000   Number         0  dc.o ABSOLUTE
    handlers.s                               0x00000000   Number         0  handlers.o ABSOLUTE
    init.s                                   0x00000000   Number         0  init.o ABSOLUTE
    startup_stm32f439xx.s                    0x00000000   Number         0  startup_stm32f439xx.o ABSOLUTE
    RESET                                    0x08000000   Section      428  startup_stm32f439xx.o(RESET)
    .ARM.Collect$$$$00000000                 0x080001ac   Section        0  entry.o(.ARM.Collect$$$$00000000)
    .ARM.Collect$$$$00000001                 0x080001ac   Section        4  entry2.o(.ARM.Collect$$$$00000001)
    .ARM.Collect$$$$00000004                 0x080001b0   Section        4  entry5.o(.ARM.Collect$$$$00000004)
    .ARM.Collect$$$$00000008                 0x080001b4   Section        0  entry7b.o(.ARM.Collect$$$$00000008)
    .ARM.Collect$$$$0000000A                 0x080001b4   Section        0  entry8b.o(.ARM.Collect$$$$0000000A)
    .ARM.Collect$$$$0000000B                 0x080001b4   Section        8  entry9a.o(.ARM.Collect$$$$0000000B)
    .ARM.Collect$$$$0000000D                 0x080001bc   Section        0  entry10a.o(.ARM.Collect$$$$0000000D)
    .ARM.Collect$$$$0000000F                 0x080001bc   Section        0  entry11a.o(.ARM.Collect$$$$0000000F)
    .ARM.Collect$$$$00002712                 0x080001bc   Section        4  entry2.o(.ARM.Collect$$$$00002712)
    __lit__00000000                          0x080001bc   Data           4  entry2.o(.ARM.Collect$$$$00002712)
    .emb_text                                0x080001c0   Section      190  port.o(.emb_text)
    $v0                                      0x080001c0   Number         0  port.o(.emb_text)
    .text                                    0x08000280   Section       36  startup_stm32f439xx.o(.text)
    $v0                                      0x08000280   Number         0  startup_stm32f439xx.o(.text)
    .text                                    0x080002a4   Section        0  uldiv.o(.text)
    .text                                    0x08000306   Section        0  memcpya.o(.text)
    .text                                    0x0800032a   Section        0  memseta.o(.text)
    .text                                    0x0800034e   Section        0  llshl.o(.text)
    .text                                    0x0800036c   Section        0  llushr.o(.text)
    .text                                    0x0800038c   Section       36  init.o(.text)
    i.BusFault_Handler                       0x080003b0   Section        0  stm32f4xx_it.o(i.BusFault_Handler)
    i.DebugMon_Handler                       0x080003b2   Section        0  stm32f4xx_it.o(i.DebugMon_Handler)
    i.FMC_NORSRAM_Extended_Timing_Init       0x080003b4   Section        0  stm32f4xx_ll_fmc.o(i.FMC_NORSRAM_Extended_Timing_Init)
    i.FMC_NORSRAM_Init                       0x080003f4   Section        0  stm32f4xx_ll_fmc.o(i.FMC_NORSRAM_Init)
    i.FMC_NORSRAM_Timing_Init                0x08000460   Section        0  stm32f4xx_ll_fmc.o(i.FMC_NORSRAM_Timing_Init)
    i.HAL_DMA_Abort_IT                       0x080004bc   Section        0  stm32f4xx_hal_dma.o(i.HAL_DMA_Abort_IT)
    i.HAL_FMC_MspInit                        0x080004e0   Section        0  stm32f4xx_hal_msp.o(i.HAL_FMC_MspInit)
    HAL_FMC_MspInit                          0x080004e1   Thumb Code   136  stm32f4xx_hal_msp.o(i.HAL_FMC_MspInit)
    i.HAL_GPIO_Init                          0x08000580   Section        0  stm32f4xx_hal_gpio.o(i.HAL_GPIO_Init)
    i.HAL_GPIO_TogglePin                     0x0800074c   Section        0  stm32f4xx_hal_gpio.o(i.HAL_GPIO_TogglePin)
    i.HAL_GPIO_WritePin                      0x0800075a   Section        0  stm32f4xx_hal_gpio.o(i.HAL_GPIO_WritePin)
    i.HAL_GetTick                            0x08000764   Section        0  stm32f4xx_hal.o(i.HAL_GetTick)
    i.HAL_IncTick                            0x08000770   Section        0  stm32f4xx_hal.o(i.HAL_IncTick)
    i.HAL_Init                               0x08000780   Section        0  stm32f4xx_hal.o(i.HAL_Init)
    i.HAL_InitTick                           0x080007b4   Section        0  stm32f4xx_hal_timebase_tim.o(i.HAL_InitTick)
    i.HAL_MspInit                            0x08000828   Section        0  stm32f4xx_hal_msp.o(i.HAL_MspInit)
    i.HAL_NVIC_EnableIRQ                     0x08000860   Section        0  stm32f4xx_hal_cortex.o(i.HAL_NVIC_EnableIRQ)
    i.HAL_NVIC_SetPriority                   0x0800087c   Section        0  stm32f4xx_hal_cortex.o(i.HAL_NVIC_SetPriority)
    i.HAL_NVIC_SetPriorityGrouping           0x080008bc   Section        0  stm32f4xx_hal_cortex.o(i.HAL_NVIC_SetPriorityGrouping)
    i.HAL_RCC_ClockConfig                    0x080008e0   Section        0  stm32f4xx_hal_rcc.o(i.HAL_RCC_ClockConfig)
    i.HAL_RCC_GetClockConfig                 0x08000a10   Section        0  stm32f4xx_hal_rcc.o(i.HAL_RCC_GetClockConfig)
    i.HAL_RCC_GetPCLK1Freq                   0x08000a50   Section        0  stm32f4xx_hal_rcc.o(i.HAL_RCC_GetPCLK1Freq)
    i.HAL_RCC_GetPCLK2Freq                   0x08000a70   Section        0  stm32f4xx_hal_rcc.o(i.HAL_RCC_GetPCLK2Freq)
    i.HAL_RCC_GetSysClockFreq                0x08000a90   Section        0  stm32f4xx_hal_rcc.o(i.HAL_RCC_GetSysClockFreq)
    i.HAL_RCC_OscConfig                      0x08000af4   Section        0  stm32f4xx_hal_rcc.o(i.HAL_RCC_OscConfig)
    i.HAL_SRAM_Init                          0x08000e10   Section        0  stm32f4xx_hal_sram.o(i.HAL_SRAM_Init)
    i.HAL_SRAM_MspInit                       0x08000e66   Section        0  stm32f4xx_hal_msp.o(i.HAL_SRAM_MspInit)
    i.HAL_TIMEx_BreakCallback                0x08000e6a   Section        0  stm32f4xx_hal_tim_ex.o(i.HAL_TIMEx_BreakCallback)
    i.HAL_TIMEx_CommutCallback               0x08000e6c   Section        0  stm32f4xx_hal_tim_ex.o(i.HAL_TIMEx_CommutCallback)
    i.HAL_TIM_Base_Init                      0x08000e6e   Section        0  stm32f4xx_hal_tim.o(i.HAL_TIM_Base_Init)
    i.HAL_TIM_Base_MspInit                   0x08000ea4   Section        0  stm32f4xx_hal_tim.o(i.HAL_TIM_Base_MspInit)
    i.HAL_TIM_Base_Start_IT                  0x08000ea6   Section        0  stm32f4xx_hal_tim.o(i.HAL_TIM_Base_Start_IT)
    i.HAL_TIM_IC_CaptureCallback             0x08000ec8   Section        0  stm32f4xx_hal_tim.o(i.HAL_TIM_IC_CaptureCallback)
    i.HAL_TIM_IRQHandler                     0x08000eca   Section        0  stm32f4xx_hal_tim.o(i.HAL_TIM_IRQHandler)
    i.HAL_TIM_OC_DelayElapsedCallback        0x08001030   Section        0  stm32f4xx_hal_tim.o(i.HAL_TIM_OC_DelayElapsedCallback)
    i.HAL_TIM_PWM_PulseFinishedCallback      0x08001032   Section        0  stm32f4xx_hal_tim.o(i.HAL_TIM_PWM_PulseFinishedCallback)
    i.HAL_TIM_PeriodElapsedCallback          0x08001034   Section        0  main.o(i.HAL_TIM_PeriodElapsedCallback)
    i.HAL_TIM_TriggerCallback                0x08001048   Section        0  stm32f4xx_hal_tim.o(i.HAL_TIM_TriggerCallback)
    i.HAL_UART_ErrorCallback                 0x0800104a   Section        0  stm32f4xx_hal_uart.o(i.HAL_UART_ErrorCallback)
    i.HAL_UART_IRQHandler                    0x0800104c   Section        0  stm32f4xx_hal_uart.o(i.HAL_UART_IRQHandler)
    i.HAL_UART_Init                          0x0800115c   Section        0  stm32f4xx_hal_uart.o(i.HAL_UART_Init)
    i.HAL_UART_MspInit                       0x080011c0   Section        0  stm32f4xx_hal_msp.o(i.HAL_UART_MspInit)
    i.HAL_UART_RxCpltCallback                0x0800123c   Section        0  stm32f4xx_hal_uart.o(i.HAL_UART_RxCpltCallback)
    i.HAL_UART_TxCpltCallback                0x0800123e   Section        0  stm32f4xx_hal_uart.o(i.HAL_UART_TxCpltCallback)
    i.HardFault_Handler                      0x08001240   Section        0  stm32f4xx_it.o(i.HardFault_Handler)
    i.LCD_Clear                              0x08001242   Section        0  drvlcd.o(i.LCD_Clear)
    i.LCD_Init                               0x08001268   Section        0  drvlcd.o(i.LCD_Init)
    i.LCD_ReadReg                            0x08001862   Section        0  drvlcd.o(i.LCD_ReadReg)
    i.LCD_SetCursor                          0x0800186c   Section        0  drvlcd.o(i.LCD_SetCursor)
    i.LCD_WriteReg                           0x080018c4   Section        0  drvlcd.o(i.LCD_WriteReg)
    i.MX_FMC_Init                            0x080018d0   Section        0  main.o(i.MX_FMC_Init)
    MX_FMC_Init                              0x080018d1   Thumb Code    96  main.o(i.MX_FMC_Init)
    i.MX_GPIO_Init                           0x08001938   Section        0  main.o(i.MX_GPIO_Init)
    MX_GPIO_Init                             0x08001939   Thumb Code   162  main.o(i.MX_GPIO_Init)
    i.MemManage_Handler                      0x080019e4   Section        0  stm32f4xx_it.o(i.MemManage_Handler)
    i.NMI_Handler                            0x080019e6   Section        0  stm32f4xx_it.o(i.NMI_Handler)
    i.StartDefaultTask                       0x080019e8   Section        0  main.o(i.StartDefaultTask)
    i.SysTick_Handler                        0x080019f0   Section        0  port.o(i.SysTick_Handler)
    i.SystemClock_Config                     0x08001a1c   Section        0  main.o(i.SystemClock_Config)
    i.SystemInit                             0x08001aa0   Section        0  system_stm32f4xx.o(i.SystemInit)
    i.TIM1_UP_TIM10_IRQHandler               0x08001af4   Section        0  stm32f4xx_it.o(i.TIM1_UP_TIM10_IRQHandler)
    i.TIM_Base_SetConfig                     0x08001b00   Section        0  stm32f4xx_hal_tim.o(i.TIM_Base_SetConfig)
    i.TestTask                               0x08001bc8   Section        0  testtask.o(i.TestTask)
    i.UART_DMAAbortOnError                   0x08001c1c   Section        0  stm32f4xx_hal_uart.o(i.UART_DMAAbortOnError)
    UART_DMAAbortOnError                     0x08001c1d   Thumb Code    16  stm32f4xx_hal_uart.o(i.UART_DMAAbortOnError)
    i.UART_EndRxTransfer                     0x08001c2c   Section        0  stm32f4xx_hal_uart.o(i.UART_EndRxTransfer)
    UART_EndRxTransfer                       0x08001c2d   Thumb Code    28  stm32f4xx_hal_uart.o(i.UART_EndRxTransfer)
    i.UART_Receive_IT                        0x08001c48   Section        0  stm32f4xx_hal_uart.o(i.UART_Receive_IT)
    UART_Receive_IT                          0x08001c49   Thumb Code   150  stm32f4xx_hal_uart.o(i.UART_Receive_IT)
    i.UART_SetConfig                         0x08001ce0   Section        0  stm32f4xx_hal_uart.o(i.UART_SetConfig)
    UART_SetConfig                           0x08001ce1   Thumb Code   676  stm32f4xx_hal_uart.o(i.UART_SetConfig)
    i.UART_Transmit_IT                       0x08001f8c   Section        0  stm32f4xx_hal_uart.o(i.UART_Transmit_IT)
    UART_Transmit_IT                         0x08001f8d   Thumb Code    98  stm32f4xx_hal_uart.o(i.UART_Transmit_IT)
    i.USART1_IRQHandler                      0x08001ff0   Section        0  stm32f4xx_it.o(i.USART1_IRQHandler)
    i.UsageFault_Handler                     0x08001ffc   Section        0  stm32f4xx_it.o(i.UsageFault_Handler)
    i.__NVIC_SetPriority                     0x08001ffe   Section        0  stm32f4xx_hal_cortex.o(i.__NVIC_SetPriority)
    __NVIC_SetPriority                       0x08001fff   Thumb Code    32  stm32f4xx_hal_cortex.o(i.__NVIC_SetPriority)
    i.__scatterload_copy                     0x0800201e   Section       14  handlers.o(i.__scatterload_copy)
    i.__scatterload_null                     0x0800202c   Section        2  handlers.o(i.__scatterload_null)
    i.__scatterload_zeroinit                 0x0800202e   Section       14  handlers.o(i.__scatterload_zeroinit)
    i.main                                   0x0800203c   Section        0  main.o(i.main)
    i.osDelay                                0x080020c0   Section        0  cmsis_os2.o(i.osDelay)
    i.osKernelInitialize                     0x080020f4   Section        0  cmsis_os2.o(i.osKernelInitialize)
    i.osKernelStart                          0x0800212c   Section        0  cmsis_os2.o(i.osKernelStart)
    i.osThreadNew                            0x0800216c   Section        0  cmsis_os2.o(i.osThreadNew)
    i.prvAddCurrentTaskToDelayedList         0x08002210   Section        0  tasks.o(i.prvAddCurrentTaskToDelayedList)
    prvAddCurrentTaskToDelayedList           0x08002211   Thumb Code    84  tasks.o(i.prvAddCurrentTaskToDelayedList)
    i.prvAddNewTaskToReadyList               0x0800226c   Section        0  tasks.o(i.prvAddNewTaskToReadyList)
    prvAddNewTaskToReadyList                 0x0800226d   Thumb Code   190  tasks.o(i.prvAddNewTaskToReadyList)
    i.prvCheckForValidListAndQueue           0x0800233c   Section        0  timers.o(i.prvCheckForValidListAndQueue)
    prvCheckForValidListAndQueue             0x0800233d   Thumb Code    72  timers.o(i.prvCheckForValidListAndQueue)
    i.prvCopyDataFromQueue                   0x08002394   Section        0  queue.o(i.prvCopyDataFromQueue)
    prvCopyDataFromQueue                     0x08002395   Thumb Code    38  queue.o(i.prvCopyDataFromQueue)
    i.prvCopyDataToQueue                     0x080023ba   Section        0  queue.o(i.prvCopyDataToQueue)
    prvCopyDataToQueue                       0x080023bb   Thumb Code   108  queue.o(i.prvCopyDataToQueue)
    i.prvDeleteTCB                           0x08002426   Section        0  tasks.o(i.prvDeleteTCB)
    prvDeleteTCB                             0x08002427   Thumb Code    52  tasks.o(i.prvDeleteTCB)
    i.prvHeapInit                            0x0800245c   Section        0  heap_4.o(i.prvHeapInit)
    prvHeapInit                              0x0800245d   Thumb Code    66  heap_4.o(i.prvHeapInit)
    i.prvIdleTask                            0x080024a8   Section        0  tasks.o(i.prvIdleTask)
    prvIdleTask                              0x080024a9   Thumb Code    82  tasks.o(i.prvIdleTask)
    i.prvInitialiseNewQueue                  0x08002508   Section        0  queue.o(i.prvInitialiseNewQueue)
    prvInitialiseNewQueue                    0x08002509   Thumb Code    34  queue.o(i.prvInitialiseNewQueue)
    i.prvInitialiseNewTask                   0x0800252a   Section        0  tasks.o(i.prvInitialiseNewTask)
    prvInitialiseNewTask                     0x0800252b   Thumb Code   156  tasks.o(i.prvInitialiseNewTask)
    i.prvInsertBlockIntoFreeList             0x080025c8   Section        0  heap_4.o(i.prvInsertBlockIntoFreeList)
    prvInsertBlockIntoFreeList               0x080025c9   Thumb Code    72  heap_4.o(i.prvInsertBlockIntoFreeList)
    i.prvInsertTimerInActiveList             0x08002614   Section        0  timers.o(i.prvInsertTimerInActiveList)
    prvInsertTimerInActiveList               0x08002615   Thumb Code    52  timers.o(i.prvInsertTimerInActiveList)
    i.prvIsQueueEmpty                        0x0800264c   Section        0  queue.o(i.prvIsQueueEmpty)
    prvIsQueueEmpty                          0x0800264d   Thumb Code    28  queue.o(i.prvIsQueueEmpty)
    i.prvProcessReceivedCommands             0x08002668   Section        0  timers.o(i.prvProcessReceivedCommands)
    prvProcessReceivedCommands               0x08002669   Thumb Code   198  timers.o(i.prvProcessReceivedCommands)
    i.prvProcessTimerOrBlockTask             0x08002734   Section        0  timers.o(i.prvProcessTimerOrBlockTask)
    prvProcessTimerOrBlockTask               0x08002735   Thumb Code   172  timers.o(i.prvProcessTimerOrBlockTask)
    i.prvResetNextTaskUnblockTime            0x080027e8   Section        0  tasks.o(i.prvResetNextTaskUnblockTime)
    prvResetNextTaskUnblockTime              0x080027e9   Thumb Code    26  tasks.o(i.prvResetNextTaskUnblockTime)
    i.prvSampleTimeNow                       0x08002808   Section        0  timers.o(i.prvSampleTimeNow)
    prvSampleTimeNow                         0x08002809   Thumb Code    36  timers.o(i.prvSampleTimeNow)
    i.prvSwitchTimerLists                    0x08002830   Section        0  timers.o(i.prvSwitchTimerLists)
    prvSwitchTimerLists                      0x08002831   Thumb Code   102  timers.o(i.prvSwitchTimerLists)
    i.prvTaskExitError                       0x0800289c   Section        0  port.o(i.prvTaskExitError)
    prvTaskExitError                         0x0800289d   Thumb Code    36  port.o(i.prvTaskExitError)
    i.prvTimerTask                           0x080028c4   Section        0  timers.o(i.prvTimerTask)
    prvTimerTask                             0x080028c5   Thumb Code    32  timers.o(i.prvTimerTask)
    i.prvUnlockQueue                         0x080028e8   Section        0  queue.o(i.prvUnlockQueue)
    prvUnlockQueue                           0x080028e9   Thumb Code   106  queue.o(i.prvUnlockQueue)
    i.pvPortMalloc                           0x08002954   Section        0  heap_4.o(i.pvPortMalloc)
    i.pxPortInitialiseStack                  0x08002a2c   Section        0  port.o(i.pxPortInitialiseStack)
    i.uxListRemove                           0x08002a58   Section        0  list.o(i.uxListRemove)
    i.vApplicationGetIdleTaskMemory          0x08002a80   Section        0  cmsis_os2.o(i.vApplicationGetIdleTaskMemory)
    i.vApplicationGetTimerTaskMemory         0x08002a94   Section        0  cmsis_os2.o(i.vApplicationGetTimerTaskMemory)
    i.vListInitialise                        0x08002aac   Section        0  list.o(i.vListInitialise)
    i.vListInitialiseItem                    0x08002ac2   Section        0  list.o(i.vListInitialiseItem)
    i.vListInsert                            0x08002ac8   Section        0  list.o(i.vListInsert)
    i.vListInsertEnd                         0x08002af8   Section        0  list.o(i.vListInsertEnd)
    i.vPortEnterCritical                     0x08002b10   Section        0  port.o(i.vPortEnterCritical)
    i.vPortExitCritical                      0x08002b50   Section        0  port.o(i.vPortExitCritical)
    i.vPortFree                              0x08002b78   Section        0  heap_4.o(i.vPortFree)
    i.vPortSetupTimerInterrupt               0x08002bd4   Section        0  port.o(i.vPortSetupTimerInterrupt)
    i.vPortValidateInterruptPriority         0x08002bf8   Section        0  port.o(i.vPortValidateInterruptPriority)
    i.vQueueAddToRegistry                    0x08002c4c   Section        0  queue.o(i.vQueueAddToRegistry)
    i.vQueueWaitForMessageRestricted         0x08002c74   Section        0  queue.o(i.vQueueWaitForMessageRestricted)
    i.vTaskDelay                             0x08002cb8   Section        0  tasks.o(i.vTaskDelay)
    i.vTaskInternalSetTimeOutState           0x08002d04   Section        0  tasks.o(i.vTaskInternalSetTimeOutState)
    i.vTaskMissedYield                       0x08002d14   Section        0  tasks.o(i.vTaskMissedYield)
    i.vTaskPlaceOnEventList                  0x08002d20   Section        0  tasks.o(i.vTaskPlaceOnEventList)
    i.vTaskPlaceOnEventListRestricted        0x08002d50   Section        0  tasks.o(i.vTaskPlaceOnEventListRestricted)
    i.vTaskStartScheduler                    0x08002d88   Section        0  tasks.o(i.vTaskStartScheduler)
    i.vTaskSuspendAll                        0x08002e10   Section        0  tasks.o(i.vTaskSuspendAll)
    i.vTaskSwitchContext                     0x08002e20   Section        0  tasks.o(i.vTaskSwitchContext)
    i.xPortStartScheduler                    0x08002e84   Section        0  port.o(i.xPortStartScheduler)
    i.xQueueGenericCreateStatic              0x08002f78   Section        0  queue.o(i.xQueueGenericCreateStatic)
    i.xQueueGenericReset                     0x08002fe0   Section        0  queue.o(i.xQueueGenericReset)
    i.xQueueGenericSend                      0x08003068   Section        0  queue.o(i.xQueueGenericSend)
    i.xQueueGenericSendFromISR               0x080031c8   Section        0  queue.o(i.xQueueGenericSendFromISR)
    i.xQueueReceive                          0x08003284   Section        0  queue.o(i.xQueueReceive)
    i.xTaskCheckForTimeOut                   0x080033bc   Section        0  tasks.o(i.xTaskCheckForTimeOut)
    i.xTaskCreate                            0x08003430   Section        0  tasks.o(i.xTaskCreate)
    i.xTaskCreateStatic                      0x0800348a   Section        0  tasks.o(i.xTaskCreateStatic)
    i.xTaskGetSchedulerState                 0x080034e0   Section        0  tasks.o(i.xTaskGetSchedulerState)
    i.xTaskGetTickCount                      0x080034fc   Section        0  tasks.o(i.xTaskGetTickCount)
    i.xTaskIncrementTick                     0x08003508   Section        0  tasks.o(i.xTaskIncrementTick)
    i.xTaskPriorityDisinherit                0x080035d0   Section        0  tasks.o(i.xTaskPriorityDisinherit)
    i.xTaskRemoveFromEventList               0x08003650   Section        0  tasks.o(i.xTaskRemoveFromEventList)
    i.xTaskResumeAll                         0x080036c0   Section        0  tasks.o(i.xTaskResumeAll)
    i.xTimerCreateTimerTask                  0x08003784   Section        0  timers.o(i.xTimerCreateTimerTask)
    i.xTimerGenericCommand                   0x080037e4   Section        0  timers.o(i.xTimerGenericCommand)
    .constdata                               0x0800384c   Section       72  main.o(.constdata)
    .constdata                               0x08003894   Section       16  system_stm32f4xx.o(.constdata)
    .constdata                               0x080038a4   Section        8  system_stm32f4xx.o(.constdata)
    .conststring                             0x080038ac   Section       21  main.o(.conststring)
    .data                                    0x20000000   Section        2  drvlcd.o(.data)
    .data                                    0x20000004   Section        8  main.o(.data)
    .data                                    0x2000000c   Section        8  stm32f4xx_hal_msp.o(.data)
    FMC_Initialized                          0x2000000c   Data           4  stm32f4xx_hal_msp.o(.data)
    FMC_DeInitialized                        0x20000010   Data           4  stm32f4xx_hal_msp.o(.data)
    .data                                    0x20000014   Section       12  stm32f4xx_hal.o(.data)
    .data                                    0x20000020   Section        4  system_stm32f4xx.o(.data)
    .data                                    0x20000024   Section       60  tasks.o(.data)
    pxDelayedTaskList                        0x20000028   Data           4  tasks.o(.data)
    pxOverflowDelayedTaskList                0x2000002c   Data           4  tasks.o(.data)
    uxDeletedTasksWaitingCleanUp             0x20000030   Data           4  tasks.o(.data)
    uxCurrentNumberOfTasks                   0x20000034   Data           4  tasks.o(.data)
    xTickCount                               0x20000038   Data           4  tasks.o(.data)
    uxTopReadyPriority                       0x2000003c   Data           4  tasks.o(.data)
    xSchedulerRunning                        0x20000040   Data           4  tasks.o(.data)
    uxPendedTicks                            0x20000044   Data           4  tasks.o(.data)
    xYieldPending                            0x20000048   Data           4  tasks.o(.data)
    xNumOfOverflows                          0x2000004c   Data           4  tasks.o(.data)
    uxTaskNumber                             0x20000050   Data           4  tasks.o(.data)
    xNextTaskUnblockTime                     0x20000054   Data           4  tasks.o(.data)
    xIdleTaskHandle                          0x20000058   Data           4  tasks.o(.data)
    uxSchedulerSuspended                     0x2000005c   Data           4  tasks.o(.data)
    .data                                    0x20000060   Section       20  timers.o(.data)
    pxCurrentTimerList                       0x20000060   Data           4  timers.o(.data)
    pxOverflowTimerList                      0x20000064   Data           4  timers.o(.data)
    xTimerQueue                              0x20000068   Data           4  timers.o(.data)
    xTimerTaskHandle                         0x2000006c   Data           4  timers.o(.data)
    xLastTime                                0x20000070   Data           4  timers.o(.data)
    .data                                    0x20000074   Section        4  cmsis_os2.o(.data)
    KernelState                              0x20000074   Data           4  cmsis_os2.o(.data)
    .data                                    0x20000078   Section       24  heap_4.o(.data)
    pxEnd                                    0x20000078   Data           4  heap_4.o(.data)
    xFreeBytesRemaining                      0x2000007c   Data           4  heap_4.o(.data)
    xMinimumEverFreeBytesRemaining           0x20000080   Data           4  heap_4.o(.data)
    xBlockAllocatedBit                       0x20000084   Data           4  heap_4.o(.data)
    xStart                                   0x20000088   Data           8  heap_4.o(.data)
    .data                                    0x20000090   Section       12  port.o(.data)
    ucMaxSysCallPriority                     0x20000090   Data           1  port.o(.data)
    uxCriticalNesting                        0x20000094   Data           4  port.o(.data)
    ulMaxPRIGROUPValue                       0x20000098   Data           4  port.o(.data)
    .bss                                     0x2000009c   Section      144  main.o(.bss)
    .bss                                     0x2000012c   Section       64  stm32f4xx_hal_timebase_tim.o(.bss)
    .bss                                     0x2000016c   Section       64  queue.o(.bss)
    .bss                                     0x200001ac   Section     1220  tasks.o(.bss)
    pxReadyTasksLists                        0x200001ac   Data        1120  tasks.o(.bss)
    xDelayedTaskList1                        0x2000060c   Data          20  tasks.o(.bss)
    xDelayedTaskList2                        0x20000620   Data          20  tasks.o(.bss)
    xPendingReadyList                        0x20000634   Data          20  tasks.o(.bss)
    xTasksWaitingTermination                 0x20000648   Data          20  tasks.o(.bss)
    xSuspendedTaskList                       0x2000065c   Data          20  tasks.o(.bss)
    .bss                                     0x20000670   Section      280  timers.o(.bss)
    xActiveTimerList1                        0x20000670   Data          20  timers.o(.bss)
    xActiveTimerList2                        0x20000684   Data          20  timers.o(.bss)
    xStaticTimerQueue                        0x20000698   Data          80  timers.o(.bss)
    ucStaticTimerQueueStorage                0x200006e8   Data         160  timers.o(.bss)
    .bss                                     0x20000788   Section     1720  cmsis_os2.o(.bss)
    Idle_TCB                                 0x20000788   Data          92  cmsis_os2.o(.bss)
    Idle_Stack                               0x200007e4   Data         512  cmsis_os2.o(.bss)
    Timer_TCB                                0x200009e4   Data          92  cmsis_os2.o(.bss)
    Timer_Stack                              0x20000a40   Data        1024  cmsis_os2.o(.bss)
    .bss                                     0x20000e40   Section    15360  heap_4.o(.bss)
    ucHeap                                   0x20000e40   Data       15360  heap_4.o(.bss)
    STACK                                    0x20004a40   Section     1024  startup_stm32f439xx.o(STACK)

    Global Symbols

    Symbol Name                              Value     Ov Type        Size  Object(Section)

    BuildAttributes$$THM_ISAv4$E$P$D$K$B$S$7EM$VFPi3$EXTD16$VFPS$VFMA$PE$A:L22UL41UL21$X:L11$S22US41US21$IEEE1$IW$USESV6$~STKCKD$USESV7$~SHL$OSPACE$EBA8$MICROLIB$REQ8$PRES8$EABIv2 0x00000000   Number         0  anon$$obj.o ABSOLUTE
    __ARM_use_no_argv                        0x00000000   Number         0  main.o ABSOLUTE
    __cpp_initialize__aeabi_                  - Undefined Weak Reference
    __cxa_finalize                            - Undefined Weak Reference
    __decompress                              - Undefined Weak Reference
    _clock_init                               - Undefined Weak Reference
    _microlib_exit                            - Undefined Weak Reference
    __Vectors_Size                           0x000001ac   Number         0  startup_stm32f439xx.o ABSOLUTE
    __Vectors                                0x08000000   Data           4  startup_stm32f439xx.o(RESET)
    __Vectors_End                            0x080001ac   Data           0  startup_stm32f439xx.o(RESET)
    __main                                   0x080001ad   Thumb Code     0  entry.o(.ARM.Collect$$$$00000000)
    _main_stk                                0x080001ad   Thumb Code     0  entry2.o(.ARM.Collect$$$$00000001)
    _main_scatterload                        0x080001b1   Thumb Code     0  entry5.o(.ARM.Collect$$$$00000004)
    __main_after_scatterload                 0x080001b5   Thumb Code     0  entry5.o(.ARM.Collect$$$$00000004)
    _main_clock                              0x080001b5   Thumb Code     0  entry7b.o(.ARM.Collect$$$$00000008)
    _main_cpp_init                           0x080001b5   Thumb Code     0  entry8b.o(.ARM.Collect$$$$0000000A)
    _main_init                               0x080001b5   Thumb Code     0  entry9a.o(.ARM.Collect$$$$0000000B)
    __rt_final_cpp                           0x080001bd   Thumb Code     0  entry10a.o(.ARM.Collect$$$$0000000D)
    __rt_final_exit                          0x080001bd   Thumb Code     0  entry11a.o(.ARM.Collect$$$$0000000F)
    SVC_Handler                              0x080001c1   Thumb Code    28  port.o(.emb_text)
    __asm___6_port_c_39a90d8d__prvStartFirstTask 0x080001e1   Thumb Code    36  port.o(.emb_text)
    __asm___6_port_c_39a90d8d__prvEnableVFP  0x08000209   Thumb Code    16  port.o(.emb_text)
    PendSV_Handler                           0x0800021d   Thumb Code    88  port.o(.emb_text)
    vPortGetIPSR                             0x08000279   Thumb Code     6  port.o(.emb_text)
    Reset_Handler                            0x08000281   Thumb Code     8  startup_stm32f439xx.o(.text)
    ADC_IRQHandler                           0x0800029b   Thumb Code     0  startup_stm32f439xx.o(.text)
    CAN1_RX0_IRQHandler                      0x0800029b   Thumb Code     0  startup_stm32f439xx.o(.text)
    CAN1_RX1_IRQHandler                      0x0800029b   Thumb Code     0  startup_stm32f439xx.o(.text)
    CAN1_SCE_IRQHandler                      0x0800029b   Thumb Code     0  startup_stm32f439xx.o(.text)
    CAN1_TX_IRQHandler                       0x0800029b   Thumb Code     0  startup_stm32f439xx.o(.text)
    CAN2_RX0_IRQHandler                      0x0800029b   Thumb Code     0  startup_stm32f439xx.o(.text)
    CAN2_RX1_IRQHandler                      0x0800029b   Thumb Code     0  startup_stm32f439xx.o(.text)
    CAN2_SCE_IRQHandler                      0x0800029b   Thumb Code     0  startup_stm32f439xx.o(.text)
    CAN2_TX_IRQHandler                       0x0800029b   Thumb Code     0  startup_stm32f439xx.o(.text)
    CRYP_IRQHandler                          0x0800029b   Thumb Code     0  startup_stm32f439xx.o(.text)
    DCMI_IRQHandler                          0x0800029b   Thumb Code     0  startup_stm32f439xx.o(.text)
    DMA1_Stream0_IRQHandler                  0x0800029b   Thumb Code     0  startup_stm32f439xx.o(.text)
    DMA1_Stream1_IRQHandler                  0x0800029b   Thumb Code     0  startup_stm32f439xx.o(.text)
    DMA1_Stream2_IRQHandler                  0x0800029b   Thumb Code     0  startup_stm32f439xx.o(.text)
    DMA1_Stream3_IRQHandler                  0x0800029b   Thumb Code     0  startup_stm32f439xx.o(.text)
    DMA1_Stream4_IRQHandler                  0x0800029b   Thumb Code     0  startup_stm32f439xx.o(.text)
    DMA1_Stream5_IRQHandler                  0x0800029b   Thumb Code     0  startup_stm32f439xx.o(.text)
    DMA1_Stream6_IRQHandler                  0x0800029b   Thumb Code     0  startup_stm32f439xx.o(.text)
    DMA1_Stream7_IRQHandler                  0x0800029b   Thumb Code     0  startup_stm32f439xx.o(.text)
    DMA2D_IRQHandler                         0x0800029b   Thumb Code     0  startup_stm32f439xx.o(.text)
    DMA2_Stream0_IRQHandler                  0x0800029b   Thumb Code     0  startup_stm32f439xx.o(.text)
    DMA2_Stream1_IRQHandler                  0x0800029b   Thumb Code     0  startup_stm32f439xx.o(.text)
    DMA2_Stream2_IRQHandler                  0x0800029b   Thumb Code     0  startup_stm32f439xx.o(.text)
    DMA2_Stream3_IRQHandler                  0x0800029b   Thumb Code     0  startup_stm32f439xx.o(.text)
    DMA2_Stream4_IRQHandler                  0x0800029b   Thumb Code     0  startup_stm32f439xx.o(.text)
    DMA2_Stream5_IRQHandler                  0x0800029b   Thumb Code     0  startup_stm32f439xx.o(.text)
    DMA2_Stream6_IRQHandler                  0x0800029b   Thumb Code     0  startup_stm32f439xx.o(.text)
    DMA2_Stream7_IRQHandler                  0x0800029b   Thumb Code     0  startup_stm32f439xx.o(.text)
    ETH_IRQHandler                           0x0800029b   Thumb Code     0  startup_stm32f439xx.o(.text)
    ETH_WKUP_IRQHandler                      0x0800029b   Thumb Code     0  startup_stm32f439xx.o(.text)
    EXTI0_IRQHandler                         0x0800029b   Thumb Code     0  startup_stm32f439xx.o(.text)
    EXTI15_10_IRQHandler                     0x0800029b   Thumb Code     0  startup_stm32f439xx.o(.text)
    EXTI1_IRQHandler                         0x0800029b   Thumb Code     0  startup_stm32f439xx.o(.text)
    EXTI2_IRQHandler                         0x0800029b   Thumb Code     0  startup_stm32f439xx.o(.text)
    EXTI3_IRQHandler                         0x0800029b   Thumb Code     0  startup_stm32f439xx.o(.text)
    EXTI4_IRQHandler                         0x0800029b   Thumb Code     0  startup_stm32f439xx.o(.text)
    EXTI9_5_IRQHandler                       0x0800029b   Thumb Code     0  startup_stm32f439xx.o(.text)
    FLASH_IRQHandler                         0x0800029b   Thumb Code     0  startup_stm32f439xx.o(.text)
    FMC_IRQHandler                           0x0800029b   Thumb Code     0  startup_stm32f439xx.o(.text)
    FPU_IRQHandler                           0x0800029b   Thumb Code     0  startup_stm32f439xx.o(.text)
    HASH_RNG_IRQHandler                      0x0800029b   Thumb Code     0  startup_stm32f439xx.o(.text)
    I2C1_ER_IRQHandler                       0x0800029b   Thumb Code     0  startup_stm32f439xx.o(.text)
    I2C1_EV_IRQHandler                       0x0800029b   Thumb Code     0  startup_stm32f439xx.o(.text)
    I2C2_ER_IRQHandler                       0x0800029b   Thumb Code     0  startup_stm32f439xx.o(.text)
    I2C2_EV_IRQHandler                       0x0800029b   Thumb Code     0  startup_stm32f439xx.o(.text)
    I2C3_ER_IRQHandler                       0x0800029b   Thumb Code     0  startup_stm32f439xx.o(.text)
    I2C3_EV_IRQHandler                       0x0800029b   Thumb Code     0  startup_stm32f439xx.o(.text)
    LTDC_ER_IRQHandler                       0x0800029b   Thumb Code     0  startup_stm32f439xx.o(.text)
    LTDC_IRQHandler                          0x0800029b   Thumb Code     0  startup_stm32f439xx.o(.text)
    OTG_FS_IRQHandler                        0x0800029b   Thumb Code     0  startup_stm32f439xx.o(.text)
    OTG_FS_WKUP_IRQHandler                   0x0800029b   Thumb Code     0  startup_stm32f439xx.o(.text)
    OTG_HS_EP1_IN_IRQHandler                 0x0800029b   Thumb Code     0  startup_stm32f439xx.o(.text)
    OTG_HS_EP1_OUT_IRQHandler                0x0800029b   Thumb Code     0  startup_stm32f439xx.o(.text)
    OTG_HS_IRQHandler                        0x0800029b   Thumb Code     0  startup_stm32f439xx.o(.text)
    OTG_HS_WKUP_IRQHandler                   0x0800029b   Thumb Code     0  startup_stm32f439xx.o(.text)
    PVD_IRQHandler                           0x0800029b   Thumb Code     0  startup_stm32f439xx.o(.text)
    RCC_IRQHandler                           0x0800029b   Thumb Code     0  startup_stm32f439xx.o(.text)
    RTC_Alarm_IRQHandler                     0x0800029b   Thumb Code     0  startup_stm32f439xx.o(.text)
    RTC_WKUP_IRQHandler                      0x0800029b   Thumb Code     0  startup_stm32f439xx.o(.text)
    SAI1_IRQHandler                          0x0800029b   Thumb Code     0  startup_stm32f439xx.o(.text)
    SDIO_IRQHandler                          0x0800029b   Thumb Code     0  startup_stm32f439xx.o(.text)
    SPI1_IRQHandler                          0x0800029b   Thumb Code     0  startup_stm32f439xx.o(.text)
    SPI2_IRQHandler                          0x0800029b   Thumb Code     0  startup_stm32f439xx.o(.text)
    SPI3_IRQHandler                          0x0800029b   Thumb Code     0  startup_stm32f439xx.o(.text)
    SPI4_IRQHandler                          0x0800029b   Thumb Code     0  startup_stm32f439xx.o(.text)
    SPI5_IRQHandler                          0x0800029b   Thumb Code     0  startup_stm32f439xx.o(.text)
    SPI6_IRQHandler                          0x0800029b   Thumb Code     0  startup_stm32f439xx.o(.text)
    TAMP_STAMP_IRQHandler                    0x0800029b   Thumb Code     0  startup_stm32f439xx.o(.text)
    TIM1_BRK_TIM9_IRQHandler                 0x0800029b   Thumb Code     0  startup_stm32f439xx.o(.text)
    TIM1_CC_IRQHandler                       0x0800029b   Thumb Code     0  startup_stm32f439xx.o(.text)
    TIM1_TRG_COM_TIM11_IRQHandler            0x0800029b   Thumb Code     0  startup_stm32f439xx.o(.text)
    TIM2_IRQHandler                          0x0800029b   Thumb Code     0  startup_stm32f439xx.o(.text)
    TIM3_IRQHandler                          0x0800029b   Thumb Code     0  startup_stm32f439xx.o(.text)
    TIM4_IRQHandler                          0x0800029b   Thumb Code     0  startup_stm32f439xx.o(.text)
    TIM5_IRQHandler                          0x0800029b   Thumb Code     0  startup_stm32f439xx.o(.text)
    TIM6_DAC_IRQHandler                      0x0800029b   Thumb Code     0  startup_stm32f439xx.o(.text)
    TIM7_IRQHandler                          0x0800029b   Thumb Code     0  startup_stm32f439xx.o(.text)
    TIM8_BRK_TIM12_IRQHandler                0x0800029b   Thumb Code     0  startup_stm32f439xx.o(.text)
    TIM8_CC_IRQHandler                       0x0800029b   Thumb Code     0  startup_stm32f439xx.o(.text)
    TIM8_TRG_COM_TIM14_IRQHandler            0x0800029b   Thumb Code     0  startup_stm32f439xx.o(.text)
    TIM8_UP_TIM13_IRQHandler                 0x0800029b   Thumb Code     0  startup_stm32f439xx.o(.text)
    UART4_IRQHandler                         0x0800029b   Thumb Code     0  startup_stm32f439xx.o(.text)
    UART5_IRQHandler                         0x0800029b   Thumb Code     0  startup_stm32f439xx.o(.text)
    UART7_IRQHandler                         0x0800029b   Thumb Code     0  startup_stm32f439xx.o(.text)
    UART8_IRQHandler                         0x0800029b   Thumb Code     0  startup_stm32f439xx.o(.text)
    USART2_IRQHandler                        0x0800029b   Thumb Code     0  startup_stm32f439xx.o(.text)
    USART3_IRQHandler                        0x0800029b   Thumb Code     0  startup_stm32f439xx.o(.text)
    USART6_IRQHandler                        0x0800029b   Thumb Code     0  startup_stm32f439xx.o(.text)
    WWDG_IRQHandler                          0x0800029b   Thumb Code     0  startup_stm32f439xx.o(.text)
    __aeabi_uldivmod                         0x080002a5   Thumb Code    98  uldiv.o(.text)
    __aeabi_memcpy                           0x08000307   Thumb Code    36  memcpya.o(.text)
    __aeabi_memcpy4                          0x08000307   Thumb Code     0  memcpya.o(.text)
    __aeabi_memcpy8                          0x08000307   Thumb Code     0  memcpya.o(.text)
    __aeabi_memset                           0x0800032b   Thumb Code    14  memseta.o(.text)
    __aeabi_memset4                          0x0800032b   Thumb Code     0  memseta.o(.text)
    __aeabi_memset8                          0x0800032b   Thumb Code     0  memseta.o(.text)
    __aeabi_memclr                           0x08000339   Thumb Code     4  memseta.o(.text)
    __aeabi_memclr4                          0x08000339   Thumb Code     0  memseta.o(.text)
    __aeabi_memclr8                          0x08000339   Thumb Code     0  memseta.o(.text)
    memset                                   0x0800033d   Thumb Code    18  memseta.o(.text)
    __aeabi_llsl                             0x0800034f   Thumb Code    30  llshl.o(.text)
    _ll_shift_l                              0x0800034f   Thumb Code     0  llshl.o(.text)
    __aeabi_llsr                             0x0800036d   Thumb Code    32  llushr.o(.text)
    _ll_ushift_r                             0x0800036d   Thumb Code     0  llushr.o(.text)
    __scatterload                            0x0800038d   Thumb Code    28  init.o(.text)
    __scatterload_rt2                        0x0800038d   Thumb Code     0  init.o(.text)
    BusFault_Handler                         0x080003b1   Thumb Code     2  stm32f4xx_it.o(i.BusFault_Handler)
    DebugMon_Handler                         0x080003b3   Thumb Code     2  stm32f4xx_it.o(i.DebugMon_Handler)
    FMC_NORSRAM_Extended_Timing_Init         0x080003b5   Thumb Code    60  stm32f4xx_ll_fmc.o(i.FMC_NORSRAM_Extended_Timing_Init)
    FMC_NORSRAM_Init                         0x080003f5   Thumb Code   104  stm32f4xx_ll_fmc.o(i.FMC_NORSRAM_Init)
    FMC_NORSRAM_Timing_Init                  0x08000461   Thumb Code    86  stm32f4xx_ll_fmc.o(i.FMC_NORSRAM_Timing_Init)
    HAL_DMA_Abort_IT                         0x080004bd   Thumb Code    36  stm32f4xx_hal_dma.o(i.HAL_DMA_Abort_IT)
    HAL_GPIO_Init                            0x08000581   Thumb Code   408  stm32f4xx_hal_gpio.o(i.HAL_GPIO_Init)
    HAL_GPIO_TogglePin                       0x0800074d   Thumb Code    14  stm32f4xx_hal_gpio.o(i.HAL_GPIO_TogglePin)
    HAL_GPIO_WritePin                        0x0800075b   Thumb Code    10  stm32f4xx_hal_gpio.o(i.HAL_GPIO_WritePin)
    HAL_GetTick                              0x08000765   Thumb Code     6  stm32f4xx_hal.o(i.HAL_GetTick)
    HAL_IncTick                              0x08000771   Thumb Code    12  stm32f4xx_hal.o(i.HAL_IncTick)
    HAL_Init                                 0x08000781   Thumb Code    48  stm32f4xx_hal.o(i.HAL_Init)
    HAL_InitTick                             0x080007b5   Thumb Code   100  stm32f4xx_hal_timebase_tim.o(i.HAL_InitTick)
    HAL_MspInit                              0x08000829   Thumb Code    52  stm32f4xx_hal_msp.o(i.HAL_MspInit)
    HAL_NVIC_EnableIRQ                       0x08000861   Thumb Code    26  stm32f4xx_hal_cortex.o(i.HAL_NVIC_EnableIRQ)
    HAL_NVIC_SetPriority                     0x0800087d   Thumb Code    60  stm32f4xx_hal_cortex.o(i.HAL_NVIC_SetPriority)
    HAL_NVIC_SetPriorityGrouping             0x080008bd   Thumb Code    26  stm32f4xx_hal_cortex.o(i.HAL_NVIC_SetPriorityGrouping)
    HAL_RCC_ClockConfig                      0x080008e1   Thumb Code   286  stm32f4xx_hal_rcc.o(i.HAL_RCC_ClockConfig)
    HAL_RCC_GetClockConfig                   0x08000a11   Thumb Code    54  stm32f4xx_hal_rcc.o(i.HAL_RCC_GetClockConfig)
    HAL_RCC_GetPCLK1Freq                     0x08000a51   Thumb Code    20  stm32f4xx_hal_rcc.o(i.HAL_RCC_GetPCLK1Freq)
    HAL_RCC_GetPCLK2Freq                     0x08000a71   Thumb Code    20  stm32f4xx_hal_rcc.o(i.HAL_RCC_GetPCLK2Freq)
    HAL_RCC_GetSysClockFreq                  0x08000a91   Thumb Code    88  stm32f4xx_hal_rcc.o(i.HAL_RCC_GetSysClockFreq)
    HAL_RCC_OscConfig                        0x08000af5   Thumb Code   770  stm32f4xx_hal_rcc.o(i.HAL_RCC_OscConfig)
    HAL_SRAM_Init                            0x08000e11   Thumb Code    86  stm32f4xx_hal_sram.o(i.HAL_SRAM_Init)
    HAL_SRAM_MspInit                         0x08000e67   Thumb Code     4  stm32f4xx_hal_msp.o(i.HAL_SRAM_MspInit)
    HAL_TIMEx_BreakCallback                  0x08000e6b   Thumb Code     2  stm32f4xx_hal_tim_ex.o(i.HAL_TIMEx_BreakCallback)
    HAL_TIMEx_CommutCallback                 0x08000e6d   Thumb Code     2  stm32f4xx_hal_tim_ex.o(i.HAL_TIMEx_CommutCallback)
    HAL_TIM_Base_Init                        0x08000e6f   Thumb Code    54  stm32f4xx_hal_tim.o(i.HAL_TIM_Base_Init)
    HAL_TIM_Base_MspInit                     0x08000ea5   Thumb Code     2  stm32f4xx_hal_tim.o(i.HAL_TIM_Base_MspInit)
    HAL_TIM_Base_Start_IT                    0x08000ea7   Thumb Code    34  stm32f4xx_hal_tim.o(i.HAL_TIM_Base_Start_IT)
    HAL_TIM_IC_CaptureCallback               0x08000ec9   Thumb Code     2  stm32f4xx_hal_tim.o(i.HAL_TIM_IC_CaptureCallback)
    HAL_TIM_IRQHandler                       0x08000ecb   Thumb Code   358  stm32f4xx_hal_tim.o(i.HAL_TIM_IRQHandler)
    HAL_TIM_OC_DelayElapsedCallback          0x08001031   Thumb Code     2  stm32f4xx_hal_tim.o(i.HAL_TIM_OC_DelayElapsedCallback)
    HAL_TIM_PWM_PulseFinishedCallback        0x08001033   Thumb Code     2  stm32f4xx_hal_tim.o(i.HAL_TIM_PWM_PulseFinishedCallback)
    HAL_TIM_PeriodElapsedCallback            0x08001035   Thumb Code    14  main.o(i.HAL_TIM_PeriodElapsedCallback)
    HAL_TIM_TriggerCallback                  0x08001049   Thumb Code     2  stm32f4xx_hal_tim.o(i.HAL_TIM_TriggerCallback)
    HAL_UART_ErrorCallback                   0x0800104b   Thumb Code     2  stm32f4xx_hal_uart.o(i.HAL_UART_ErrorCallback)
    HAL_UART_IRQHandler                      0x0800104d   Thumb Code   266  stm32f4xx_hal_uart.o(i.HAL_UART_IRQHandler)
    HAL_UART_Init                            0x0800115d   Thumb Code    98  stm32f4xx_hal_uart.o(i.HAL_UART_Init)
    HAL_UART_MspInit                         0x080011c1   Thumb Code   110  stm32f4xx_hal_msp.o(i.HAL_UART_MspInit)
    HAL_UART_RxCpltCallback                  0x0800123d   Thumb Code     2  stm32f4xx_hal_uart.o(i.HAL_UART_RxCpltCallback)
    HAL_UART_TxCpltCallback                  0x0800123f   Thumb Code     2  stm32f4xx_hal_uart.o(i.HAL_UART_TxCpltCallback)
    HardFault_Handler                        0x08001241   Thumb Code     2  stm32f4xx_it.o(i.HardFault_Handler)
    LCD_Clear                                0x08001243   Thumb Code    38  drvlcd.o(i.LCD_Clear)
    LCD_Init                                 0x08001269   Thumb Code  1530  drvlcd.o(i.LCD_Init)
    LCD_ReadReg                              0x08001863   Thumb Code    10  drvlcd.o(i.LCD_ReadReg)
    LCD_SetCursor                            0x0800186d   Thumb Code    82  drvlcd.o(i.LCD_SetCursor)
    LCD_WriteReg                             0x080018c5   Thumb Code    10  drvlcd.o(i.LCD_WriteReg)
    MemManage_Handler                        0x080019e5   Thumb Code     2  stm32f4xx_it.o(i.MemManage_Handler)
    NMI_Handler                              0x080019e7   Thumb Code     2  stm32f4xx_it.o(i.NMI_Handler)
    StartDefaultTask                         0x080019e9   Thumb Code     8  main.o(i.StartDefaultTask)
    SysTick_Handler                          0x080019f1   Thumb Code    38  port.o(i.SysTick_Handler)
    SystemClock_Config                       0x08001a1d   Thumb Code   124  main.o(i.SystemClock_Config)
    SystemInit                               0x08001aa1   Thumb Code    66  system_stm32f4xx.o(i.SystemInit)
    TIM1_UP_TIM10_IRQHandler                 0x08001af5   Thumb Code     6  stm32f4xx_it.o(i.TIM1_UP_TIM10_IRQHandler)
    TIM_Base_SetConfig                       0x08001b01   Thumb Code   156  stm32f4xx_hal_tim.o(i.TIM_Base_SetConfig)
    TestTask                                 0x08001bc9   Thumb Code    78  testtask.o(i.TestTask)
    USART1_IRQHandler                        0x08001ff1   Thumb Code     6  stm32f4xx_it.o(i.USART1_IRQHandler)
    UsageFault_Handler                       0x08001ffd   Thumb Code     2  stm32f4xx_it.o(i.UsageFault_Handler)
    __scatterload_copy                       0x0800201f   Thumb Code    14  handlers.o(i.__scatterload_copy)
    __scatterload_null                       0x0800202d   Thumb Code     2  handlers.o(i.__scatterload_null)
    __scatterload_zeroinit                   0x0800202f   Thumb Code    14  handlers.o(i.__scatterload_zeroinit)
    main                                     0x0800203d   Thumb Code   108  main.o(i.main)
    osDelay                                  0x080020c1   Thumb Code    46  cmsis_os2.o(i.osDelay)
    osKernelInitialize                       0x080020f5   Thumb Code    50  cmsis_os2.o(i.osKernelInitialize)
    osKernelStart                            0x0800212d   Thumb Code    58  cmsis_os2.o(i.osKernelStart)
    osThreadNew                              0x0800216d   Thumb Code   160  cmsis_os2.o(i.osThreadNew)
    pvPortMalloc                             0x08002955   Thumb Code   210  heap_4.o(i.pvPortMalloc)
    pxPortInitialiseStack                    0x08002a2d   Thumb Code    40  port.o(i.pxPortInitialiseStack)
    uxListRemove                             0x08002a59   Thumb Code    38  list.o(i.uxListRemove)
    vApplicationGetIdleTaskMemory            0x08002a81   Thumb Code    16  cmsis_os2.o(i.vApplicationGetIdleTaskMemory)
    vApplicationGetTimerTaskMemory           0x08002a95   Thumb Code    18  cmsis_os2.o(i.vApplicationGetTimerTaskMemory)
    vListInitialise                          0x08002aad   Thumb Code    22  list.o(i.vListInitialise)
    vListInitialiseItem                      0x08002ac3   Thumb Code     6  list.o(i.vListInitialiseItem)
    vListInsert                              0x08002ac9   Thumb Code    48  list.o(i.vListInsert)
    vListInsertEnd                           0x08002af9   Thumb Code    24  list.o(i.vListInsertEnd)
    vPortEnterCritical                       0x08002b11   Thumb Code    54  port.o(i.vPortEnterCritical)
    vPortExitCritical                        0x08002b51   Thumb Code    34  port.o(i.vPortExitCritical)
    vPortFree                                0x08002b79   Thumb Code    88  heap_4.o(i.vPortFree)
    vPortSetupTimerInterrupt                 0x08002bd5   Thumb Code    32  port.o(i.vPortSetupTimerInterrupt)
    vPortValidateInterruptPriority           0x08002bf9   Thumb Code    74  port.o(i.vPortValidateInterruptPriority)
    vQueueAddToRegistry                      0x08002c4d   Thumb Code    34  queue.o(i.vQueueAddToRegistry)
    vQueueWaitForMessageRestricted           0x08002c75   Thumb Code    68  queue.o(i.vQueueWaitForMessageRestricted)
    vTaskDelay                               0x08002cb9   Thumb Code    66  tasks.o(i.vTaskDelay)
    vTaskInternalSetTimeOutState             0x08002d05   Thumb Code    12  tasks.o(i.vTaskInternalSetTimeOutState)
    vTaskMissedYield                         0x08002d15   Thumb Code     8  tasks.o(i.vTaskMissedYield)
    vTaskPlaceOnEventList                    0x08002d21   Thumb Code    44  tasks.o(i.vTaskPlaceOnEventList)
    vTaskPlaceOnEventListRestricted          0x08002d51   Thumb Code    52  tasks.o(i.vTaskPlaceOnEventListRestricted)
    vTaskStartScheduler                      0x08002d89   Thumb Code   118  tasks.o(i.vTaskStartScheduler)
    vTaskSuspendAll                          0x08002e11   Thumb Code    10  tasks.o(i.vTaskSuspendAll)
    vTaskSwitchContext                       0x08002e21   Thumb Code    90  tasks.o(i.vTaskSwitchContext)
    xPortStartScheduler                      0x08002e85   Thumb Code   222  port.o(i.xPortStartScheduler)
    xQueueGenericCreateStatic                0x08002f79   Thumb Code   102  queue.o(i.xQueueGenericCreateStatic)
    xQueueGenericReset                       0x08002fe1   Thumb Code   132  queue.o(i.xQueueGenericReset)
    xQueueGenericSend                        0x08003069   Thumb Code   346  queue.o(i.xQueueGenericSend)
    xQueueGenericSendFromISR                 0x080031c9   Thumb Code   188  queue.o(i.xQueueGenericSendFromISR)
    xQueueReceive                            0x08003285   Thumb Code   308  queue.o(i.xQueueReceive)
    xTaskCheckForTimeOut                     0x080033bd   Thumb Code   112  tasks.o(i.xTaskCheckForTimeOut)
    xTaskCreate                              0x08003431   Thumb Code    90  tasks.o(i.xTaskCreate)
    xTaskCreateStatic                        0x0800348b   Thumb Code    86  tasks.o(i.xTaskCreateStatic)
    xTaskGetSchedulerState                   0x080034e1   Thumb Code    22  tasks.o(i.xTaskGetSchedulerState)
    xTaskGetTickCount                        0x080034fd   Thumb Code     6  tasks.o(i.xTaskGetTickCount)
    xTaskIncrementTick                       0x08003509   Thumb Code   190  tasks.o(i.xTaskIncrementTick)
    xTaskPriorityDisinherit                  0x080035d1   Thumb Code   118  tasks.o(i.xTaskPriorityDisinherit)
    xTaskRemoveFromEventList                 0x08003651   Thumb Code    98  tasks.o(i.xTaskRemoveFromEventList)
    xTaskResumeAll                           0x080036c1   Thumb Code   182  tasks.o(i.xTaskResumeAll)
    xTimerCreateTimerTask                    0x08003785   Thumb Code    78  timers.o(i.xTimerCreateTimerTask)
    xTimerGenericCommand                     0x080037e5   Thumb Code    98  timers.o(i.xTimerGenericCommand)
    AHBPrescTable                            0x08003894   Data          16  system_stm32f4xx.o(.constdata)
    APBPrescTable                            0x080038a4   Data           8  system_stm32f4xx.o(.constdata)
    Region$$Table$$Base                      0x080038c4   Number         0  anon$$obj.o(Region$$Table)
    Region$$Table$$Limit                     0x080038e4   Number         0  anon$$obj.o(Region$$Table)
    DeviceCode                               0x20000000   Data           2  drvlcd.o(.data)
    defaultTaskHandle                        0x20000004   Data           4  main.o(.data)
    testTaskHandle                           0x20000008   Data           4  main.o(.data)
    uwTickFreq                               0x20000014   Data           1  stm32f4xx_hal.o(.data)
    uwTickPrio                               0x20000018   Data           4  stm32f4xx_hal.o(.data)
    uwTick                                   0x2000001c   Data           4  stm32f4xx_hal.o(.data)
    SystemCoreClock                          0x20000020   Data           4  system_stm32f4xx.o(.data)
    pxCurrentTCB                             0x20000024   Data           4  tasks.o(.data)
    huart1                                   0x2000009c   Data          64  main.o(.bss)
    hsram1                                   0x200000dc   Data          80  main.o(.bss)
    htim1                                    0x2000012c   Data          64  stm32f4xx_hal_timebase_tim.o(.bss)
    xQueueRegistry                           0x2000016c   Data          64  queue.o(.bss)
    __initial_sp                             0x20004e40   Data           0  startup_stm32f439xx.o(STACK)



==============================================================================

Memory Map of the image

  Image Entry point : 0x080001ad

  Load Region LR_IROM1 (Base: 0x08000000, Size: 0x00003980, Max: 0x00100000, ABSOLUTE)

    Execution Region ER_IROM1 (Exec base: 0x08000000, Load base: 0x08000000, Size: 0x000038e4, Max: 0x00100000, ABSOLUTE)

    Exec Addr    Load Addr    Size         Type   Attr      Idx    E Section Name        Object

    0x08000000   0x08000000   0x000001ac   Data   RO          234    RESET               startup_stm32f439xx.o
    0x080001ac   0x080001ac   0x00000000   Code   RO         4923  * .ARM.Collect$$$$00000000  mc_w.l(entry.o)
    0x080001ac   0x080001ac   0x00000004   Code   RO         4936    .ARM.Collect$$$$00000001  mc_w.l(entry2.o)
    0x080001b0   0x080001b0   0x00000004   Code   RO         4939    .ARM.Collect$$$$00000004  mc_w.l(entry5.o)
    0x080001b4   0x080001b4   0x00000000   Code   RO         4941    .ARM.Collect$$$$00000008  mc_w.l(entry7b.o)
    0x080001b4   0x080001b4   0x00000000   Code   RO         4943    .ARM.Collect$$$$0000000A  mc_w.l(entry8b.o)
    0x080001b4   0x080001b4   0x00000008   Code   RO         4944    .ARM.Collect$$$$0000000B  mc_w.l(entry9a.o)
    0x080001bc   0x080001bc   0x00000000   Code   RO         4946    .ARM.Collect$$$$0000000D  mc_w.l(entry10a.o)
    0x080001bc   0x080001bc   0x00000000   Code   RO         4948    .ARM.Collect$$$$0000000F  mc_w.l(entry11a.o)
    0x080001bc   0x080001bc   0x00000004   Code   RO         4937    .ARM.Collect$$$$00002712  mc_w.l(entry2.o)
    0x080001c0   0x080001c0   0x000000be   Code   RO         4846    .emb_text           port.o
    0x0800027e   0x0800027e   0x00000002   PAD
    0x08000280   0x08000280   0x00000024   Code   RO          235    .text               startup_stm32f439xx.o
    0x080002a4   0x080002a4   0x00000062   Code   RO         4926    .text               mc_w.l(uldiv.o)
    0x08000306   0x08000306   0x00000024   Code   RO         4928    .text               mc_w.l(memcpya.o)
    0x0800032a   0x0800032a   0x00000024   Code   RO         4932    .text               mc_w.l(memseta.o)
    0x0800034e   0x0800034e   0x0000001e   Code   RO         4950    .text               mc_w.l(llshl.o)
    0x0800036c   0x0800036c   0x00000020   Code   RO         4952    .text               mc_w.l(llushr.o)
    0x0800038c   0x0800038c   0x00000024   Code   RO         4954    .text               mc_w.l(init.o)
    0x080003b0   0x080003b0   0x00000002   Code   RO          340    i.BusFault_Handler  stm32f4xx_it.o
    0x080003b2   0x080003b2   0x00000002   Code   RO          341    i.DebugMon_Handler  stm32f4xx_it.o
    0x080003b4   0x080003b4   0x00000040   Code   RO          512    i.FMC_NORSRAM_Extended_Timing_Init  stm32f4xx_ll_fmc.o
    0x080003f4   0x080003f4   0x0000006c   Code   RO          513    i.FMC_NORSRAM_Init  stm32f4xx_ll_fmc.o
    0x08000460   0x08000460   0x0000005c   Code   RO          514    i.FMC_NORSRAM_Timing_Init  stm32f4xx_ll_fmc.o
    0x080004bc   0x080004bc   0x00000024   Code   RO         2573    i.HAL_DMA_Abort_IT  stm32f4xx_hal_dma.o
    0x080004e0   0x080004e0   0x000000a0   Code   RO          410    i.HAL_FMC_MspInit   stm32f4xx_hal_msp.o
    0x08000580   0x08000580   0x000001cc   Code   RO         2465    i.HAL_GPIO_Init     stm32f4xx_hal_gpio.o
    0x0800074c   0x0800074c   0x0000000e   Code   RO         2468    i.HAL_GPIO_TogglePin  stm32f4xx_hal_gpio.o
    0x0800075a   0x0800075a   0x0000000a   Code   RO         2469    i.HAL_GPIO_WritePin  stm32f4xx_hal_gpio.o
    0x08000764   0x08000764   0x0000000c   Code   RO         3017    i.HAL_GetTick       stm32f4xx_hal.o
    0x08000770   0x08000770   0x00000010   Code   RO         3023    i.HAL_IncTick       stm32f4xx_hal.o
    0x08000780   0x08000780   0x00000034   Code   RO         3024    i.HAL_Init          stm32f4xx_hal.o
    0x080007b4   0x080007b4   0x00000074   Code   RO          465    i.HAL_InitTick      stm32f4xx_hal_timebase_tim.o
    0x08000828   0x08000828   0x00000038   Code   RO          411    i.HAL_MspInit       stm32f4xx_hal_msp.o
    0x08000860   0x08000860   0x0000001a   Code   RO         2872    i.HAL_NVIC_EnableIRQ  stm32f4xx_hal_cortex.o
    0x0800087a   0x0800087a   0x00000002   PAD
    0x0800087c   0x0800087c   0x00000040   Code   RO         2878    i.HAL_NVIC_SetPriority  stm32f4xx_hal_cortex.o
    0x080008bc   0x080008bc   0x00000024   Code   RO         2879    i.HAL_NVIC_SetPriorityGrouping  stm32f4xx_hal_cortex.o
    0x080008e0   0x080008e0   0x00000130   Code   RO         2059    i.HAL_RCC_ClockConfig  stm32f4xx_hal_rcc.o
    0x08000a10   0x08000a10   0x00000040   Code   RO         2063    i.HAL_RCC_GetClockConfig  stm32f4xx_hal_rcc.o
    0x08000a50   0x08000a50   0x00000020   Code   RO         2066    i.HAL_RCC_GetPCLK1Freq  stm32f4xx_hal_rcc.o
    0x08000a70   0x08000a70   0x00000020   Code   RO         2067    i.HAL_RCC_GetPCLK2Freq  stm32f4xx_hal_rcc.o
    0x08000a90   0x08000a90   0x00000064   Code   RO         2068    i.HAL_RCC_GetSysClockFreq  stm32f4xx_hal_rcc.o
    0x08000af4   0x08000af4   0x0000031c   Code   RO         2071    i.HAL_RCC_OscConfig  stm32f4xx_hal_rcc.o
    0x08000e10   0x08000e10   0x00000056   Code   RO          688    i.HAL_SRAM_Init     stm32f4xx_hal_sram.o
    0x08000e66   0x08000e66   0x00000004   Code   RO          413    i.HAL_SRAM_MspInit  stm32f4xx_hal_msp.o
    0x08000e6a   0x08000e6a   0x00000002   Code   RO         1481    i.HAL_TIMEx_BreakCallback  stm32f4xx_hal_tim_ex.o
    0x08000e6c   0x08000e6c   0x00000002   Code   RO         1482    i.HAL_TIMEx_CommutCallback  stm32f4xx_hal_tim_ex.o
    0x08000e6e   0x08000e6e   0x00000036   Code   RO          806    i.HAL_TIM_Base_Init  stm32f4xx_hal_tim.o
    0x08000ea4   0x08000ea4   0x00000002   Code   RO          808    i.HAL_TIM_Base_MspInit  stm32f4xx_hal_tim.o
    0x08000ea6   0x08000ea6   0x00000022   Code   RO          811    i.HAL_TIM_Base_Start_IT  stm32f4xx_hal_tim.o
    0x08000ec8   0x08000ec8   0x00000002   Code   RO          835    i.HAL_TIM_IC_CaptureCallback  stm32f4xx_hal_tim.o
    0x08000eca   0x08000eca   0x00000166   Code   RO          849    i.HAL_TIM_IRQHandler  stm32f4xx_hal_tim.o
    0x08001030   0x08001030   0x00000002   Code   RO          852    i.HAL_TIM_OC_DelayElapsedCallback  stm32f4xx_hal_tim.o
    0x08001032   0x08001032   0x00000002   Code   RO          879    i.HAL_TIM_PWM_PulseFinishedCallback  stm32f4xx_hal_tim.o
    0x08001034   0x08001034   0x00000014   Code   RO          243    i.HAL_TIM_PeriodElapsedCallback  main.o
    0x08001048   0x08001048   0x00000002   Code   RO          892    i.HAL_TIM_TriggerCallback  stm32f4xx_hal_tim.o
    0x0800104a   0x0800104a   0x00000002   Code   RO         1753    i.HAL_UART_ErrorCallback  stm32f4xx_hal_uart.o
    0x0800104c   0x0800104c   0x00000110   Code   RO         1756    i.HAL_UART_IRQHandler  stm32f4xx_hal_uart.o
    0x0800115c   0x0800115c   0x00000062   Code   RO         1757    i.HAL_UART_Init     stm32f4xx_hal_uart.o
    0x080011be   0x080011be   0x00000002   PAD
    0x080011c0   0x080011c0   0x0000007c   Code   RO          415    i.HAL_UART_MspInit  stm32f4xx_hal_msp.o
    0x0800123c   0x0800123c   0x00000002   Code   RO         1763    i.HAL_UART_RxCpltCallback  stm32f4xx_hal_uart.o
    0x0800123e   0x0800123e   0x00000002   Code   RO         1768    i.HAL_UART_TxCpltCallback  stm32f4xx_hal_uart.o
    0x08001240   0x08001240   0x00000002   Code   RO          342    i.HardFault_Handler  stm32f4xx_it.o
    0x08001242   0x08001242   0x00000026   Code   RO          163    i.LCD_Clear         drvlcd.o
    0x08001268   0x08001268   0x000005fa   Code   RO          164    i.LCD_Init          drvlcd.o
    0x08001862   0x08001862   0x0000000a   Code   RO          166    i.LCD_ReadReg       drvlcd.o
    0x0800186c   0x0800186c   0x00000058   Code   RO          167    i.LCD_SetCursor     drvlcd.o
    0x080018c4   0x080018c4   0x0000000a   Code   RO          170    i.LCD_WriteReg      drvlcd.o
    0x080018ce   0x080018ce   0x00000002   PAD
    0x080018d0   0x080018d0   0x00000068   Code   RO          244    i.MX_FMC_Init       main.o
    0x08001938   0x08001938   0x000000ac   Code   RO          245    i.MX_GPIO_Init      main.o
    0x080019e4   0x080019e4   0x00000002   Code   RO          343    i.MemManage_Handler  stm32f4xx_it.o
    0x080019e6   0x080019e6   0x00000002   Code   RO          344    i.NMI_Handler       stm32f4xx_it.o
    0x080019e8   0x080019e8   0x00000008   Code   RO          246    i.StartDefaultTask  main.o
    0x080019f0   0x080019f0   0x0000002c   Code   RO         4847    i.SysTick_Handler   port.o
    0x08001a1c   0x08001a1c   0x00000084   Code   RO          247    i.SystemClock_Config  main.o
    0x08001aa0   0x08001aa0   0x00000054   Code   RO         3270    i.SystemInit        system_stm32f4xx.o
    0x08001af4   0x08001af4   0x0000000c   Code   RO          345    i.TIM1_UP_TIM10_IRQHandler  stm32f4xx_it.o
    0x08001b00   0x08001b00   0x000000c8   Code   RO          894    i.TIM_Base_SetConfig  stm32f4xx_hal_tim.o
    0x08001bc8   0x08001bc8   0x00000054   Code   RO            4    i.TestTask          testtask.o
    0x08001c1c   0x08001c1c   0x00000010   Code   RO         1770    i.UART_DMAAbortOnError  stm32f4xx_hal_uart.o
    0x08001c2c   0x08001c2c   0x0000001c   Code   RO         1780    i.UART_EndRxTransfer  stm32f4xx_hal_uart.o
    0x08001c48   0x08001c48   0x00000096   Code   RO         1782    i.UART_Receive_IT   stm32f4xx_hal_uart.o
    0x08001cde   0x08001cde   0x00000002   PAD
    0x08001ce0   0x08001ce0   0x000002ac   Code   RO         1783    i.UART_SetConfig    stm32f4xx_hal_uart.o
    0x08001f8c   0x08001f8c   0x00000062   Code   RO         1784    i.UART_Transmit_IT  stm32f4xx_hal_uart.o
    0x08001fee   0x08001fee   0x00000002   PAD
    0x08001ff0   0x08001ff0   0x0000000c   Code   RO          346    i.USART1_IRQHandler  stm32f4xx_it.o
    0x08001ffc   0x08001ffc   0x00000002   Code   RO          347    i.UsageFault_Handler  stm32f4xx_it.o
    0x08001ffe   0x08001ffe   0x00000020   Code   RO         2885    i.__NVIC_SetPriority  stm32f4xx_hal_cortex.o
    0x0800201e   0x0800201e   0x0000000e   Code   RO         4958    i.__scatterload_copy  mc_w.l(handlers.o)
    0x0800202c   0x0800202c   0x00000002   Code   RO         4959    i.__scatterload_null  mc_w.l(handlers.o)
    0x0800202e   0x0800202e   0x0000000e   Code   RO         4960    i.__scatterload_zeroinit  mc_w.l(handlers.o)
    0x0800203c   0x0800203c   0x00000084   Code   RO          248    i.main              main.o
    0x080020c0   0x080020c0   0x00000034   Code   RO         4376    i.osDelay           cmsis_os2.o
    0x080020f4   0x080020f4   0x00000038   Code   RO         4390    i.osKernelInitialize  cmsis_os2.o
    0x0800212c   0x0800212c   0x00000040   Code   RO         4393    i.osKernelStart     cmsis_os2.o
    0x0800216c   0x0800216c   0x000000a4   Code   RO         4427    i.osThreadNew       cmsis_os2.o
    0x08002210   0x08002210   0x0000005c   Code   RO         3872    i.prvAddCurrentTaskToDelayedList  tasks.o
    0x0800226c   0x0800226c   0x000000d0   Code   RO         3873    i.prvAddNewTaskToReadyList  tasks.o
    0x0800233c   0x0800233c   0x00000058   Code   RO         4222    i.prvCheckForValidListAndQueue  timers.o
    0x08002394   0x08002394   0x00000026   Code   RO         3475    i.prvCopyDataFromQueue  queue.o
    0x080023ba   0x080023ba   0x0000006c   Code   RO         3476    i.prvCopyDataToQueue  queue.o
    0x08002426   0x08002426   0x00000034   Code   RO         3874    i.prvDeleteTCB      tasks.o
    0x0800245a   0x0800245a   0x00000002   PAD
    0x0800245c   0x0800245c   0x0000004c   Code   RO         4797    i.prvHeapInit       heap_4.o
    0x080024a8   0x080024a8   0x00000060   Code   RO         3875    i.prvIdleTask       tasks.o
    0x08002508   0x08002508   0x00000022   Code   RO         3478    i.prvInitialiseNewQueue  queue.o
    0x0800252a   0x0800252a   0x0000009c   Code   RO         3876    i.prvInitialiseNewTask  tasks.o
    0x080025c6   0x080025c6   0x00000002   PAD
    0x080025c8   0x080025c8   0x0000004c   Code   RO         4798    i.prvInsertBlockIntoFreeList  heap_4.o
    0x08002614   0x08002614   0x00000038   Code   RO         4224    i.prvInsertTimerInActiveList  timers.o
    0x0800264c   0x0800264c   0x0000001c   Code   RO         3479    i.prvIsQueueEmpty   queue.o
    0x08002668   0x08002668   0x000000cc   Code   RO         4225    i.prvProcessReceivedCommands  timers.o
    0x08002734   0x08002734   0x000000b4   Code   RO         4226    i.prvProcessTimerOrBlockTask  timers.o
    0x080027e8   0x080027e8   0x00000020   Code   RO         3878    i.prvResetNextTaskUnblockTime  tasks.o
    0x08002808   0x08002808   0x00000028   Code   RO         4227    i.prvSampleTimeNow  timers.o
    0x08002830   0x08002830   0x0000006c   Code   RO         4228    i.prvSwitchTimerLists  timers.o
    0x0800289c   0x0800289c   0x00000028   Code   RO         4848    i.prvTaskExitError  port.o
    0x080028c4   0x080028c4   0x00000024   Code   RO         4229    i.prvTimerTask      timers.o
    0x080028e8   0x080028e8   0x0000006a   Code   RO         3480    i.prvUnlockQueue    queue.o
    0x08002952   0x08002952   0x00000002   PAD
    0x08002954   0x08002954   0x000000d8   Code   RO         4799    i.pvPortMalloc      heap_4.o
    0x08002a2c   0x08002a2c   0x0000002c   Code   RO         4849    i.pxPortInitialiseStack  port.o
    0x08002a58   0x08002a58   0x00000026   Code   RO         3435    i.uxListRemove      list.o
    0x08002a7e   0x08002a7e   0x00000002   PAD
    0x08002a80   0x08002a80   0x00000014   Code   RO         4439    i.vApplicationGetIdleTaskMemory  cmsis_os2.o
    0x08002a94   0x08002a94   0x00000018   Code   RO         4440    i.vApplicationGetTimerTaskMemory  cmsis_os2.o
    0x08002aac   0x08002aac   0x00000016   Code   RO         3436    i.vListInitialise   list.o
    0x08002ac2   0x08002ac2   0x00000006   Code   RO         3437    i.vListInitialiseItem  list.o
    0x08002ac8   0x08002ac8   0x00000030   Code   RO         3438    i.vListInsert       list.o
    0x08002af8   0x08002af8   0x00000018   Code   RO         3439    i.vListInsertEnd    list.o
    0x08002b10   0x08002b10   0x00000040   Code   RO         4851    i.vPortEnterCritical  port.o
    0x08002b50   0x08002b50   0x00000028   Code   RO         4852    i.vPortExitCritical  port.o
    0x08002b78   0x08002b78   0x0000005c   Code   RO         4800    i.vPortFree         heap_4.o
    0x08002bd4   0x08002bd4   0x00000024   Code   RO         4853    i.vPortSetupTimerInterrupt  port.o
    0x08002bf8   0x08002bf8   0x00000054   Code   RO         4854    i.vPortValidateInterruptPriority  port.o
    0x08002c4c   0x08002c4c   0x00000028   Code   RO         3486    i.vQueueAddToRegistry  queue.o
    0x08002c74   0x08002c74   0x00000044   Code   RO         3490    i.vQueueWaitForMessageRestricted  queue.o
    0x08002cb8   0x08002cb8   0x0000004c   Code   RO         3890    i.vTaskDelay        tasks.o
    0x08002d04   0x08002d04   0x00000010   Code   RO         3895    i.vTaskInternalSetTimeOutState  tasks.o
    0x08002d14   0x08002d14   0x0000000c   Code   RO         3896    i.vTaskMissedYield  tasks.o
    0x08002d20   0x08002d20   0x00000030   Code   RO         3898    i.vTaskPlaceOnEventList  tasks.o
    0x08002d50   0x08002d50   0x00000038   Code   RO         3899    i.vTaskPlaceOnEventListRestricted  tasks.o
    0x08002d88   0x08002d88   0x00000088   Code   RO         3907    i.vTaskStartScheduler  tasks.o
    0x08002e10   0x08002e10   0x00000010   Code   RO         3909    i.vTaskSuspendAll   tasks.o
    0x08002e20   0x08002e20   0x00000064   Code   RO         3910    i.vTaskSwitchContext  tasks.o
    0x08002e84   0x08002e84   0x000000f4   Code   RO         4855    i.xPortStartScheduler  port.o
    0x08002f78   0x08002f78   0x00000066   Code   RO         3496    i.xQueueGenericCreateStatic  queue.o
    0x08002fde   0x08002fde   0x00000002   PAD
    0x08002fe0   0x08002fe0   0x00000088   Code   RO         3497    i.xQueueGenericReset  queue.o
    0x08003068   0x08003068   0x00000160   Code   RO         3498    i.xQueueGenericSend  queue.o
    0x080031c8   0x080031c8   0x000000bc   Code   RO         3499    i.xQueueGenericSendFromISR  queue.o
    0x08003284   0x08003284   0x00000138   Code   RO         3508    i.xQueueReceive     queue.o
    0x080033bc   0x080033bc   0x00000074   Code   RO         3911    i.xTaskCheckForTimeOut  tasks.o
    0x08003430   0x08003430   0x0000005a   Code   RO         3912    i.xTaskCreate       tasks.o
    0x0800348a   0x0800348a   0x00000056   Code   RO         3913    i.xTaskCreateStatic  tasks.o
    0x080034e0   0x080034e0   0x0000001c   Code   RO         3917    i.xTaskGetSchedulerState  tasks.o
    0x080034fc   0x080034fc   0x0000000c   Code   RO         3918    i.xTaskGetTickCount  tasks.o
    0x08003508   0x08003508   0x000000c8   Code   RO         3920    i.xTaskIncrementTick  tasks.o
    0x080035d0   0x080035d0   0x00000080   Code   RO         3923    i.xTaskPriorityDisinherit  tasks.o
    0x08003650   0x08003650   0x00000070   Code   RO         3925    i.xTaskRemoveFromEventList  tasks.o
    0x080036c0   0x080036c0   0x000000c4   Code   RO         3926    i.xTaskResumeAll    tasks.o
    0x08003784   0x08003784   0x00000060   Code   RO         4236    i.xTimerCreateTimerTask  timers.o
    0x080037e4   0x080037e4   0x00000068   Code   RO         4237    i.xTimerGenericCommand  timers.o
    0x0800384c   0x0800384c   0x00000048   Data   RO          250    .constdata          main.o
    0x08003894   0x08003894   0x00000010   Data   RO         3271    .constdata          system_stm32f4xx.o
    0x080038a4   0x080038a4   0x00000008   Data   RO         3272    .constdata          system_stm32f4xx.o
    0x080038ac   0x080038ac   0x00000015   Data   RO          251    .conststring        main.o
    0x080038c1   0x080038c1   0x00000003   PAD
    0x080038c4   0x080038c4   0x00000020   Data   RO         4956    Region$$Table       anon$$obj.o


    Execution Region RW_IRAM1 (Exec base: 0x20000000, Load base: 0x080038e4, Size: 0x00004e40, Max: 0x00030000, ABSOLUTE)

    Exec Addr    Load Addr    Size         Type   Attr      Idx    E Section Name        Object

    0x20000000   0x080038e4   0x00000002   Data   RW          172    .data               drvlcd.o
    0x20000002   0x080038e6   0x00000002   PAD
    0x20000004   0x080038e8   0x00000008   Data   RW          252    .data               main.o
    0x2000000c   0x080038f0   0x00000008   Data   RW          416    .data               stm32f4xx_hal_msp.o
    0x20000014   0x080038f8   0x0000000c   Data   RW         3031    .data               stm32f4xx_hal.o
    0x20000020   0x08003904   0x00000004   Data   RW         3273    .data               system_stm32f4xx.o
    0x20000024   0x08003908   0x0000003c   Data   RW         3929    .data               tasks.o
    0x20000060   0x08003944   0x00000014   Data   RW         4245    .data               timers.o
    0x20000074   0x08003958   0x00000004   Data   RW         4442    .data               cmsis_os2.o
    0x20000078   0x0800395c   0x00000018   Data   RW         4805    .data               heap_4.o
    0x20000090   0x08003974   0x0000000c   Data   RW         4856    .data               port.o
    0x2000009c        -       0x00000090   Zero   RW          249    .bss                main.o
    0x2000012c        -       0x00000040   Zero   RW          468    .bss                stm32f4xx_hal_timebase_tim.o
    0x2000016c        -       0x00000040   Zero   RW         3512    .bss                queue.o
    0x200001ac        -       0x000004c4   Zero   RW         3928    .bss                tasks.o
    0x20000670        -       0x00000118   Zero   RW         4244    .bss                timers.o
    0x20000788        -       0x000006b8   Zero   RW         4441    .bss                cmsis_os2.o
    0x20000e40        -       0x00003c00   Zero   RW         4804    .bss                heap_4.o
    0x20004a40        -       0x00000400   Zero   RW          232    STACK               startup_stm32f439xx.o


==============================================================================

Image component sizes


      Code (inc. data)   RO Data    RW Data    ZI Data      Debug   Object Name

       380         32          0          4       1720      15882   cmsis_os2.o
      1676         18          0          2          0       4716   drvlcd.o
         0          0          0          0          0      20036   event_groups.o
       460         24          0         24      15360       4707   heap_4.o
       138          0          0          0          0       3478   list.o
       568         56         93          8        144       7948   main.o
       786         82          0         12          0      11453   port.o
      1512         20          0          0         64      17088   queue.o
        36          8        428          0       1024        792   startup_stm32f439xx.o
        80         14          0         12          0       3190   stm32f4xx_hal.o
       158         14          0          0          0      33102   stm32f4xx_hal_cortex.o
        36          0          0          0          0       1187   stm32f4xx_hal_dma.o
       484         52          0          0          0       3013   stm32f4xx_hal_gpio.o
       344         42          0          8          0       2876   stm32f4xx_hal_msp.o
      1328         90          0          0          0       5725   stm32f4xx_hal_rcc.o
        86          0          0          0          0       1192   stm32f4xx_hal_sram.o
       656         44          0          0          0       7140   stm32f4xx_hal_tim.o
         4          0          0          0          0       1565   stm32f4xx_hal_tim_ex.o
       116         16          0          0         64       1359   stm32f4xx_hal_timebase_tim.o
      1352         14          0          0          0       7311   stm32f4xx_hal_uart.o
        36         12          0          0          0       3580   stm32f4xx_it.o
       264         14          0          0          0       2720   stm32f4xx_ll_fmc.o
         0          0          0          0          0       8864   stream_buffer.o
        84         18         24          4          0       1123   system_stm32f4xx.o
      2064        170          0         60       1220      23696   tasks.o
        84          6          0          0          0     784611   testtask.o
       912         82          0         20        280      26039   timers.o

    ----------------------------------------------------------------------
     13666        828        580        156      19876    1004393   Object Totals
         0          0         32          0          0          0   (incl. Generated)
        22          0          3          2          0          0   (incl. Padding)

    ----------------------------------------------------------------------

      Code (inc. data)   RO Data    RW Data    ZI Data      Debug   Library Member Name

         0          0          0          0          0          0   entry.o
         0          0          0          0          0          0   entry10a.o
         0          0          0          0          0          0   entry11a.o
         8          4          0          0          0          0   entry2.o
         4          0          0          0          0          0   entry5.o
         0          0          0          0          0          0   entry7b.o
         0          0          0          0          0          0   entry8b.o
         8          4          0          0          0          0   entry9a.o
        30          0          0          0          0          0   handlers.o
        36          8          0          0          0         68   init.o
        30          0          0          0          0         68   llshl.o
        32          0          0          0          0         68   llushr.o
        36          0          0          0          0         68   memcpya.o
        36          0          0          0          0        108   memseta.o
        98          0          0          0          0         92   uldiv.o

    ----------------------------------------------------------------------
       318         16          0          0          0        472   Library Totals
         0          0          0          0          0          0   (incl. Padding)

    ----------------------------------------------------------------------

      Code (inc. data)   RO Data    RW Data    ZI Data      Debug   Library Name

       318         16          0          0          0        472   mc_w.l

    ----------------------------------------------------------------------
       318         16          0          0          0        472   Library Totals

    ----------------------------------------------------------------------

==============================================================================


      Code (inc. data)   RO Data    RW Data    ZI Data      Debug   

     13984        844        580        156      19876     992013   Grand Totals
     13984        844        580        156      19876     992013   ELF Image Totals
     13984        844        580        156          0          0   ROM Totals

==============================================================================

    Total RO  Size (Code + RO Data)                14564 (  14.22kB)
    Total RW  Size (RW Data + ZI Data)             20032 (  19.56kB)
    Total ROM Size (Code + RO Data + RW Data)      14720 (  14.38kB)

==============================================================================

