<html>
<body>
<pre>
<h1>µVision Build Log</h1>
<h2>Tool Versions:</h2>
IDE-Version: ¦ÌVision V5.25.2.0
Copyright (C) 2018 ARM Ltd and ARM Germany GmbH. All rights reserved.
License Information: Josh AutoBVT, Microsoft, LIC=65IEV-PZEZF-Q0TNJ-U0K6U-RI7FH-GP582
 
Tool Versions:
Toolchain:       MDK-ARM Plus  Version: 5.25.2.0
Toolchain Path:  C:\Keil_v5\ARM\ARMCC\Bin
C Compiler:      Armcc.exe V5.06 update 6 (build 750)
Assembler:       Armasm.exe V5.06 update 6 (build 750)
Linker/Locator:  ArmLink.exe V5.06 update 6 (build 750)
Library Manager: ArmAr.exe V5.06 update 6 (build 750)
Hex Converter:   FromElf.exe V5.06 update 6 (build 750)
CPU DLL:         SARMCM3.DLL V5.25.2.0
Dialog DLL:      DCM.DLL V1.17.1.0
Target DLL:      Segger\JL2CM3.dll V2.99.29.0
Dialog DLL:      TCM.DLL V1.35.1.0
 
<h2>Project:</h2>
F:\stm32\kfb_lvgl\git\MDK-ARM\F4_20191211.uvprojx
Project File Date:  12/30/2019

<h2>Output:</h2>
*** Using Compiler 'V5.06 update 6 (build 750)', folder: 'C:\Keil_v5\ARM\ARMCC\Bin'
Build target 'stm32f4'
compiling LvglTask.c...
..\tasks\LvglTask.c(28): warning:  #167-D: argument of type "lv_coord_t *" is incompatible with parameter of type "uint16_t *"
      if(data->state == LV_INDEV_STATE_PR) TouchGetXY_Pos(&last_x, &last_y);
..\tasks\LvglTask.c(28): warning:  #167-D: argument of type "lv_coord_t *" is incompatible with parameter of type "uint16_t *"
      if(data->state == LV_INDEV_STATE_PR) TouchGetXY_Pos(&last_x, &last_y);
..\tasks\LvglTask.c(68): warning:  #513-D: a value of type "_Bool (*)(lv_indev_t *, lv_indev_data_t *)" cannot be assigned to an entity of type "_Bool (*)(struct _lv_indev_drv_t *, lv_indev_data_t *)"
      indev_drv.read_cb = my_touchpad_read; /*Set your driver function*/
..\tasks\LvglTask.c: 3 warnings, 0 errors
linking...
Program Size: Code=100404 RO-data=10944 RW-data=4196 ZI-data=63620  
FromELF: creating hex file...
"F4_20191211\F4_20191211.axf" - 0 Error(s), 3 Warning(s).

<h2>Software Packages used:</h2>

Package Vendor: ARM
                http://www.keil.com/pack/ARM.CMSIS.5.3.0.pack
                ARM.CMSIS.5.3.0
                CMSIS (Cortex Microcontroller Software Interface Standard)
   * Component: CORE Version: 5.1.1

Package Vendor: Keil
                http://www.keil.com/pack/Keil.STM32F4xx_DFP.2.13.0.pack
                Keil.STM32F4xx_DFP.2.13.0
                STMicroelectronics STM32F4 Series Device Support, Drivers and Examples

<h2>Collection of Component include folders:</h2>
  .\RTE\_stm32f4
  C:\Keil_v5\ARM\PACK\ARM\CMSIS\5.3.0\CMSIS\Include
  C:\Keil_v5\ARM\PACK\Keil\STM32F4xx_DFP\2.13.0\Drivers\CMSIS\Device\ST\STM32F4xx\Include

<h2>Collection of Component Files used:</h2>

   * Component: ARM::CMSIS:CORE:5.1.1
Build Time Elapsed:  00:00:04
</pre>
</body>
</html>
